 main

 Timestamp is 3bb15eb4 (Tue Sep 25 21:51:00 2001)

 Preferred load address is 00400000

 Start         Length     Name                   Class
 0001:00000000 000243e4H .text                   CODE
 0001:000243f0 0000156eH .text$x                 CODE
 0002:00000000 000017acH .rdata                  DATA
 0002:000017b0 0000104cH .rdata$r                DATA
 0002:00002800 000022f0H .xdata$x                DATA
 0002:00004af0 00000000H .edata                  DATA
 0003:00000000 00000004H .CRT$XCA                DATA
 0003:00000040 00000124H .CRT$XCU                DATA
 0003:00000164 00000004H .CRT$XCZ                DATA
 0003:00000168 00000004H .CRT$XIA                DATA
 0003:0000016c 0000000cH .CRT$XIC                DATA
 0003:00000178 00000004H .CRT$XIY                DATA
 0003:0000017c 00000004H .CRT$XIZ                DATA
 0003:00000180 00000004H .CRT$XPA                DATA
 0003:00000184 00000004H .CRT$XPX                DATA
 0003:00000188 00000004H .CRT$XPZ                DATA
 0003:0000018c 00000004H .CRT$XTA                DATA
 0003:00000190 00000004H .CRT$XTB                DATA
 0003:00000194 00000004H .CRT$XTZ                DATA
 0003:000001a0 0000483cH .data                   DATA
 0003:000049e0 000507c8H .bss                    DATA
 0004:00000000 00000064H .idata$2                DATA
 0004:00000064 00000014H .idata$3                DATA
 0004:00000078 00000190H .idata$4                DATA
 0004:00000208 00000190H .idata$5                DATA
 0004:00000398 0000070cH .idata$6                DATA
 0005:00000000 00000220H .data1                  DATA

  Address         Publics by Value              Rva+Base     Lib:Object

 0001:000000e0       ?clear_background_buffer@@YAXXZ 004010e0 f   main.obj
 0001:00000100       ?gradient@@YAXPAIIIH@Z     00401100 f   main.obj
 0001:00000200       ?precalc@@YAXXZ            00401200 f   main.obj
 0001:000002a0       ?draw_lensflare@@YAXHHMI@Z 004012a0 f   main.obj
 0001:000005b0       ?draw_glow@@YAXHHMI@Z      004015b0 f   main.obj
 0001:00000770       ?draw_poly@@YAXQAV?$Vector@M$01@@HV?$Rect@H@@@Z 00401770 f   main.obj
 0001:00001060       ?value_at@PerlinNoise@vfx@@QBEMMM@Z 00402060 f i main.obj
 0001:000011b0       ?draw_branch@@YAXMMMM@Z    004021b0 f   main.obj
 0001:00001310       ?draw@@YAXXZ               00402310 f   main.obj
 0001:00001650       ?regen@@YAXXZ              00402650 f   main.obj
 0001:000016d0       _WinMain@16                004026d0 f   main.obj
 0001:00001b40       ?WndProc@@YGJPAUHWND__@@IIJ@Z 00402b40 f   main.obj
 0001:00001bf0       ??1?$basic_ios@DU?$char_traits@D@std@@@std@@UAE@XZ 00402bf0 f i main.obj
 0001:00001c00       ??0?$basic_ofstream@DU?$char_traits@D@std@@@std@@QAE@PBDH@Z 00402c00 f i main.obj
 0001:00001d40       ?_Incref@facet@locale@std@@QAEXXZ 00402d40 f i main.obj
 0001:00001d50       ??0locale@std@@QAE@XZ      00402d50 f i main.obj
 0001:00001d70       ??1locale@std@@QAE@XZ      00402d70 f i main.obj
 0001:00001d90       ?_Decref@facet@locale@std@@QAEPAV123@XZ 00402d90 f i main.obj
 0001:00001db0       ??_G?$basic_ostream@DU?$char_traits@D@std@@@std@@UAEPAXI@Z 00402db0 f i main.obj
 0001:00001db0       ??_E?$basic_ostream@DU?$char_traits@D@std@@@std@@UAEPAXI@Z 00402db0 f i main.obj
 0001:00001de0       ??1?$basic_ostream@DU?$char_traits@D@std@@@std@@UAE@XZ 00402de0 f i main.obj
 0001:00001df0       ??1?$basic_streambuf@DU?$char_traits@D@std@@@std@@UAE@XZ 00402df0 f i main.obj
 0001:00001e30       ?overflow@?$basic_streambuf@DU?$char_traits@D@std@@@std@@MAEHH@Z 00402e30 f i main.obj
 0001:00001e40       ?pbackfail@?$basic_streambuf@DU?$char_traits@D@std@@@std@@MAEHH@Z 00402e40 f i main.obj
 0001:00001e50       ?showmanyc@?$basic_streambuf@DU?$char_traits@D@std@@@std@@MAEHXZ 00402e50 f i main.obj
 0001:00001e60       ?underflow@?$basic_streambuf@DU?$char_traits@D@std@@@std@@MAEHXZ 00402e60 f i main.obj
 0001:00001e70       ?uflow@?$basic_streambuf@DU?$char_traits@D@std@@@std@@MAEHXZ 00402e70 f i main.obj
 0001:00001ea0       ?xsgetn@?$basic_streambuf@DU?$char_traits@D@std@@@std@@MAEHPADH@Z 00402ea0 f i main.obj
 0001:00001f40       ?xsputn@?$basic_streambuf@DU?$char_traits@D@std@@@std@@MAEHPBDH@Z 00402f40 f i main.obj
 0001:00001fe0       ?seekoff@?$basic_streambuf@DU?$char_traits@D@std@@@std@@MAE?AV?$fpos@H@2@JW4seekdir@ios_base@2@H@Z 00402fe0 f i main.obj
 0001:00002010       ?seekpos@?$basic_streambuf@DU?$char_traits@D@std@@@std@@MAE?AV?$fpos@H@2@V32@H@Z 00403010 f i main.obj
 0001:00002040       ?setbuf@?$basic_streambuf@DU?$char_traits@D@std@@@std@@MAEPAV12@PADH@Z 00403040 f i main.obj
 0001:00002050       ?sync@?$basic_streambuf@DU?$char_traits@D@std@@@std@@MAEHXZ 00403050 f i main.obj
 0001:00002060       ?imbue@?$basic_streambuf@DU?$char_traits@D@std@@@std@@MAEXABVlocale@2@@Z 00403060 f i main.obj
 0001:00002070       ??1?$basic_ofstream@DU?$char_traits@D@std@@@std@@UAE@XZ 00403070 f i main.obj
 0001:00002170       ??1?$basic_filebuf@DU?$char_traits@D@std@@@std@@UAE@XZ 00403170 f i main.obj
 0001:00002290       ?overflow@?$basic_filebuf@DU?$char_traits@D@std@@@std@@MAEHH@Z 00403290 f i main.obj
 0001:00002470       ?pbackfail@?$basic_filebuf@DU?$char_traits@D@std@@@std@@MAEHH@Z 00403470 f i main.obj
 0001:00002610       ?underflow@?$basic_filebuf@DU?$char_traits@D@std@@@std@@MAEHXZ 00403610 f i main.obj
 0001:00002640       ?uflow@?$basic_filebuf@DU?$char_traits@D@std@@@std@@MAEHXZ 00403640 f i main.obj
 0001:00002830       ?seekoff@?$basic_filebuf@DU?$char_traits@D@std@@@std@@MAE?AV?$fpos@H@2@JW4seekdir@ios_base@2@H@Z 00403830 f i main.obj
 0001:000028c0       ?seekpos@?$basic_filebuf@DU?$char_traits@D@std@@@std@@MAE?AV?$fpos@H@2@V32@H@Z 004038c0 f i main.obj
 0001:00002a50       ?setbuf@?$basic_filebuf@DU?$char_traits@D@std@@@std@@MAEPAV?$basic_streambuf@DU?$char_traits@D@std@@@2@PADH@Z 00403a50 f i main.obj
 0001:00002a80       ?sync@?$basic_filebuf@DU?$char_traits@D@std@@@std@@MAEHXZ 00403a80 f i main.obj
 0001:00002aa0       ??1?$vector@V?$Vector@M$01@@V?$allocator@V?$Vector@M$01@@@std@@@std@@QAE@XZ 00403aa0 f i main.obj
 0001:00002ad0       ??_G?$basic_ios@DU?$char_traits@D@std@@@std@@UAEPAXI@Z 00403ad0 f i main.obj
 0001:00002ad0       ??_E?$basic_ios@DU?$char_traits@D@std@@@std@@UAEPAXI@Z 00403ad0 f i main.obj
 0001:00002af0       ??_E?$basic_streambuf@DU?$char_traits@D@std@@@std@@UAEPAXI@Z 00403af0 f i main.obj
 0001:00002af0       ??_G?$basic_streambuf@DU?$char_traits@D@std@@@std@@UAEPAXI@Z 00403af0 f i main.obj
 0001:00002b10       ??_E?$basic_ofstream@DU?$char_traits@D@std@@@std@@UAEPAXI@Z 00403b10 f i main.obj
 0001:00002b10       ??_G?$basic_ofstream@DU?$char_traits@D@std@@@std@@UAEPAXI@Z 00403b10 f i main.obj
 0001:00002b40       ??_E?$basic_filebuf@DU?$char_traits@D@std@@@std@@UAEPAXI@Z 00403b40 f i main.obj
 0001:00002b40       ??_G?$basic_filebuf@DU?$char_traits@D@std@@@std@@UAEPAXI@Z 00403b40 f i main.obj
 0001:00002b60       ?_Tidy@?$basic_string@DU?$char_traits@D@std@@V?$allocator@D@2@@std@@AAEX_N@Z 00403b60 f i main.obj
 0001:00002bb0       ?assign@?$basic_string@DU?$char_traits@D@std@@V?$allocator@D@2@@std@@QAEAAV12@PBDI@Z 00403bb0 f i main.obj
 0001:00002c50       ?_Eos@?$basic_string@DU?$char_traits@D@std@@V?$allocator@D@2@@std@@AAEXI@Z 00403c50 f i main.obj
 0001:00002c70       ?_Freeze@?$basic_string@DU?$char_traits@D@std@@V?$allocator@D@2@@std@@AAEXXZ 00403c70 f i main.obj
 0001:00002cf0       ?_Grow@?$basic_string@DU?$char_traits@D@std@@V?$allocator@D@2@@std@@AAE_NI_N@Z 00403cf0 f i main.obj
 0001:00002e10       ?_Split@?$basic_string@DU?$char_traits@D@std@@V?$allocator@D@2@@std@@AAEXXZ 00403e10 f i main.obj
 0001:00002ee0       ?init@?$basic_ios@DU?$char_traits@D@std@@@std@@IAEXPAV?$basic_streambuf@DU?$char_traits@D@std@@@2@_N@Z 00403ee0 f i main.obj
 0001:00002f30       ?_Init@?$basic_filebuf@DU?$char_traits@D@std@@@std@@IAEXPAU_iobuf@@W4_Initfl@12@@Z 00403f30 f i main.obj
 0001:00003010       ?_Initcvt@?$basic_filebuf@DU?$char_traits@D@std@@@std@@IAEXXZ 00404010 f i main.obj
 0001:000031e0       ??1_Lockit@std@@QAE@XZ     004041e0 f i main.obj
 0001:000031f0       ??0bad_cast@std@@QAE@PBD@Z 004041f0 f i main.obj
 0001:00003210       ??1bad_cast@std@@UAE@XZ    00404210 f i main.obj
 0001:00003220       ?_Doraise@bad_cast@std@@MBEXXZ 00404220 f i main.obj
 0001:00003240       ??_Ebad_cast@std@@UAEPAXI@Z 00404240 f i main.obj
 0001:00003240       ??_Gbad_cast@std@@UAEPAXI@Z 00404240 f i main.obj
 0001:00003260       ??0bad_cast@std@@QAE@ABV01@@Z 00404260 f i main.obj
 0001:00003280       ??0locale@std@@QAE@ABV01@@Z 00404280 f i main.obj
 0001:000032a0       ?insert@?$vector@V?$Vector@M$01@@V?$allocator@V?$Vector@M$01@@@std@@@std@@QAEXPAV?$Vector@M$01@@IABV3@@Z 004042a0 f i main.obj
 0001:000034f0       ?_Copy@?$basic_string@DU?$char_traits@D@std@@V?$allocator@D@2@@std@@AAEXI@Z 004044f0 f i main.obj
 0001:00003600       ?getloc@?$basic_streambuf@DU?$char_traits@D@std@@@std@@QAE?AVlocale@2@XZ 00404600 f i main.obj
 0001:00003630       ?_Init@?$basic_streambuf@DU?$char_traits@D@std@@@std@@IAEXXZ 00404630 f i main.obj
 0001:00003690       ??0?$Vector@M$01@@QAE@MM@Z 00404690 f i main.obj
 0001:000036b0       ?_Addfac@std@@YA?AVlocale@1@V21@PAV?$codecvt@DDH@1@@Z 004046b0 f i main.obj
 0001:00003770       ??0?$codecvt@DDH@std@@QAE@I@Z 00404770 f i main.obj
 0001:000037e0       ?do_always_noconv@codecvt_base@std@@MBE_NXZ 004047e0 f i main.obj
 0001:000037f0       ?do_max_length@codecvt_base@std@@MBEHXZ 004047f0 f i main.obj
 0001:00003800       ?do_encoding@codecvt_base@std@@MBEHXZ 00404800 f i main.obj
 0001:00003810       ??1codecvt_base@std@@UAE@XZ 00404810 f i main.obj
 0001:00003820       ??_Efacet@locale@std@@UAEPAXI@Z 00404820 f i main.obj
 0001:00003820       ??_Gfacet@locale@std@@UAEPAXI@Z 00404820 f i main.obj
 0001:00003840       ?do_in@?$codecvt@DDH@std@@MBEHAAHPBD1AAPBDPAD3AAPAD@Z 00404840 f i main.obj
 0001:00003860       ?do_out@?$codecvt@DDH@std@@MBEHAAHPBD1AAPBDPAD3AAPAD@Z 00404860 f i main.obj
 0001:00003880       ?do_length@?$codecvt@DDH@std@@MBEHAAHPBD1I@Z 00404880 f i main.obj
 0001:000038a0       ??_G?$codecvt@DDH@std@@UAEPAXI@Z 004048a0 f i main.obj
 0001:000038a0       ??_E?$codecvt@DDH@std@@UAEPAXI@Z 004048a0 f i main.obj
 0001:000038c0       ??1?$codecvt@DDH@std@@UAE@XZ 004048c0 f i main.obj
 0001:000038d0       ?_Save@?$_Tidyfac@V?$codecvt@DDH@std@@@std@@SAPAV?$codecvt@DDH@2@PAV32@@Z 004048d0 f i main.obj
 0001:00003900       ?_Tidy@?$_Tidyfac@V?$codecvt@DDH@std@@@std@@SAXXZ 00404900 f i main.obj
 0001:000039b0       ?id@?$codecvt@DDH@std@@$E  004049b0 f i main.obj
 0001:000039c0       ?id@?$ctype@G@std@@$E      004049c0 f i main.obj
 0001:00003a50       ??0PerlinNoiseShader@@QAE@MMMIHH@Z 00404a50 f   PixelShader.obj
 0001:00003b40       ??1PerlinNoiseShader@@QAE@XZ 00404b40 f   PixelShader.obj
 0001:00003b50       ??0FastNoiseShader@@QAE@MMMIHH@Z 00404b50 f   PixelShader.obj
 0001:00003c70       ??1FastNoiseShader@@QAE@XZ 00404c70 f   PixelShader.obj
 0001:00003cc0       _InvalidateRect@12         00404cc0 f   user32:USER32.dll
 0001:00003cc6       _KillTimer@8               00404cc6 f   user32:USER32.dll
 0001:00003ccc       _DispatchMessageA@4        00404ccc f   user32:USER32.dll
 0001:00003cd2       _TranslateMessage@4        00404cd2 f   user32:USER32.dll
 0001:00003cd8       _GetMessageA@16            00404cd8 f   user32:USER32.dll
 0001:00003cde       _GetClientRect@8           00404cde f   user32:USER32.dll
 0001:00003ce4       _SetTimer@16               00404ce4 f   user32:USER32.dll
 0001:00003cea       _ShowWindow@8              00404cea f   user32:USER32.dll
 0001:00003cf0       _CreateWindowExA@48        00404cf0 f   user32:USER32.dll
 0001:00003cf6       _MessageBoxA@16            00404cf6 f   user32:USER32.dll
 0001:00003cfc       _RegisterClassA@4          00404cfc f   user32:USER32.dll
 0001:00003d02       _DefWindowProcA@16         00404d02 f   user32:USER32.dll
 0001:00003d08       _ReleaseDC@8               00404d08 f   user32:USER32.dll
 0001:00003d0e       _PostQuitMessage@4         00404d0e f   user32:USER32.dll
 0001:00003d14       _GetDC@4                   00404d14 f   user32:USER32.dll
 0001:00003d1a       _DeleteObject@4            00404d1a f   gdi32:GDI32.dll
 0001:00003d20       _SelectObject@8            00404d20 f   gdi32:GDI32.dll
 0001:00003d26       _CreateDIBSection@24       00404d26 f   gdi32:GDI32.dll
 0001:00003d2c       _CreateCompatibleDC@4      00404d2c f   gdi32:GDI32.dll
 0001:00003d32       _GetStockObject@4          00404d32 f   gdi32:GDI32.dll
 0001:00003d38       _BitBlt@36                 00404d38 f   gdi32:GDI32.dll
 0001:00003d3e       _DirectDrawCreate@12       00404d3e f   ddraw:DDRAW.dll
 0001:00003d44       ?PrintConsole@@YAXPAD@Z    00404d44 f   toster:toster.dll
 0001:00003d4a       ?RegisterApplyCallback@@YAXPAX@Z 00404d4a f   toster:toster.dll
 0001:00003d50       ?AddList@@YAXPAHQAD1@Z     00404d50 f   toster:toster.dll
 0001:00003d56       ?AddColorVariable@@YAXPAIQAD@Z 00404d56 f   toster:toster.dll
 0001:00003d5c       ?AddFloatVariable@@YAXPAMMMHQAD@Z 00404d5c f   toster:toster.dll
 0001:00003d62       ?AddIntVariable@@YAXPAHHHQAD@Z 00404d62 f   toster:toster.dll
 0001:00003d68       ?OpenToster@@YAHXZ         00404d68 f   toster:toster.dll
 0001:00003d70       ?randomize@vfx@@YAXIII@Z   00404d70 f   vfx:Random.obj
 0001:00003d90       ?rnd@vfx@@YAII@Z           00404d90 f   vfx:Random.obj
 0001:00003dc0       ??0PerlinNoise@vfx@@QAE@MMIII@Z 00404dc0 f   vfx:Noise.obj
 0001:00003e30       ?init@PerlinNoise@vfx@@SAXIII@Z 00404e30 f   vfx:Noise.obj
 0001:000040a0       ??0FastNoise@vfx@@QAE@XZ   004050a0 f   vfx:Noise.obj
 0001:000040d0       ??1FastNoise@vfx@@QAE@XZ   004050d0 f   vfx:Noise.obj
 0001:000040f0       ?init@FastNoise@vfx@@CAXXZ 004050f0 f   vfx:Noise.obj
 0001:00004360       ?shutdown@FastNoise@vfx@@CAXXZ 00405360 f   vfx:Noise.obj
 0001:00004410       ?assign@?$char_traits@D@std@@SAXAADABD@Z 00405410 f i vfx:Noise.obj
 0001:00004420       ?length@?$char_traits@D@std@@SAIPBD@Z 00405420 f i vfx:Noise.obj
 0001:00004440       ?copy@?$char_traits@D@std@@SAPADPADPBDI@Z 00405440 f i vfx:Noise.obj
 0001:00004470       ?move@?$char_traits@D@std@@SAPADPADPBDI@Z 00405470 f i vfx:Noise.obj
 0001:000044a0       ??0?$basic_string@DU?$char_traits@D@std@@V?$allocator@D@2@@std@@QAE@ABV01@@Z 004054a0 f i vfx:Noise.obj
 0001:000044f0       ??1?$basic_string@DU?$char_traits@D@std@@V?$allocator@D@2@@std@@QAE@XZ 004054f0 f i vfx:Noise.obj
 0001:00004510       ?assign@?$basic_string@DU?$char_traits@D@std@@V?$allocator@D@2@@std@@QAEAAV12@ABV12@II@Z 00405510 f i vfx:Noise.obj
 0001:00004710       ?assign@?$basic_string@DU?$char_traits@D@std@@V?$allocator@D@2@@std@@QAEAAV12@PBD@Z 00405710 f i vfx:Noise.obj
 0001:00004760       ?erase@?$basic_string@DU?$char_traits@D@std@@V?$allocator@D@2@@std@@QAEAAV12@II@Z 00405760 f i vfx:Noise.obj
 0001:00004840       ?c_str@?$basic_string@DU?$char_traits@D@std@@V?$allocator@D@2@@std@@QBEPBDXZ 00405840 f i vfx:Noise.obj
 0001:00004870       ?size@?$basic_string@DU?$char_traits@D@std@@V?$allocator@D@2@@std@@QBEIXZ 00405870 f i vfx:Noise.obj
 0001:00004890       ?max_size@?$basic_string@DU?$char_traits@D@std@@V?$allocator@D@2@@std@@QBEIXZ 00405890 f i vfx:Noise.obj
 0001:000048d0       ?capacity@?$basic_string@DU?$char_traits@D@std@@V?$allocator@D@2@@std@@QBEIXZ 004058d0 f i vfx:Noise.obj
 0001:000048f0       ?_Nullstr@?$basic_string@DU?$char_traits@D@std@@V?$allocator@D@2@@std@@CAPBDXZ 004058f0 f i vfx:Noise.obj
 0001:00004900       ?_Refcnt@?$basic_string@DU?$char_traits@D@std@@V?$allocator@D@2@@std@@AAEAAEPBD@Z 00405900 f i vfx:Noise.obj
 0001:00004920       ?allocate@?$allocator@D@std@@QAEPADIPBX@Z 00405920 f i vfx:Noise.obj
 0001:00004950       ?deallocate@?$allocator@D@std@@QAEXPAXI@Z 00405950 f i vfx:Noise.obj
 0001:00004970       ?max_size@?$allocator@D@std@@QBEIXZ 00405970 f i vfx:Noise.obj
 0001:000049a0       ?description@Error@core@@UBEABV?$basic_string@DU?$char_traits@D@std@@V?$allocator@D@2@@std@@XZ 004059a0 f i vfx:Noise.obj
 0001:000049c0       ?comment@Error@core@@UBEABV?$basic_string@DU?$char_traits@D@std@@V?$allocator@D@2@@std@@XZ 004059c0 f i vfx:Noise.obj
 0001:000049e0       ??0Error@core@@QAE@ABV01@@Z 004059e0 f i vfx:Noise.obj
 0001:00004ab0       ??1Error@core@@QAE@XZ      00405ab0 f i vfx:Noise.obj
 0001:00004b70       ?_Allocate@std@@YAPADHPAD@Z 00405b70 f i vfx:Noise.obj
 0001:00004ba0       ??8std@@YA_NABV?$allocator@D@0@0@Z 00405ba0 f i vfx:Noise.obj
 0001:00004bb0       ??0Msg@core@@QAA@PBDZZ     00405bb0 f   core:Exception.obj
 0001:00004bf0       ??0Error@core@@QAE@ABVMsg@1@@Z 00405bf0 f   core:Exception.obj
 0001:00004e00       ??0?$basic_string@DU?$char_traits@D@std@@V?$allocator@D@2@@std@@QAE@ABV?$allocator@D@1@@Z 00405e00 f i core:Exception.obj
 0001:00004e30       ??0?$basic_string@DU?$char_traits@D@std@@V?$allocator@D@2@@std@@QAE@PBDABV?$allocator@D@1@@Z 00405e30 f i core:Exception.obj
 0001:00004e70       ??4?$basic_string@DU?$char_traits@D@std@@V?$allocator@D@2@@std@@QAEAAV01@ABV01@@Z 00405e70 f i core:Exception.obj
 0001:00004ea0       ?assign@?$basic_string@DU?$char_traits@D@std@@V?$allocator@D@2@@std@@QAEAAV12@ABV12@@Z 00405ea0 f i core:Exception.obj
 0001:00004ee0       ?text@Msg@core@@QBE?BV?$basic_string@DU?$char_traits@D@std@@V?$allocator@D@2@@std@@XZ 00405ee0 f i core:Exception.obj
 0001:00004f99       ??_D?$basic_istream@DU?$char_traits@D@std@@@std@@QAEXXZ 00405f99 f i libcp:iostream.obj
 0001:00004fdd       ??_D?$basic_ostream@DU?$char_traits@D@std@@@std@@QAEXXZ 00405fdd f i libcp:iostream.obj
 0001:0000507d       ??0Init@ios_base@std@@QAE@XZ 0040607d f   libcp:iostream.obj
 0001:000051db       ??3@YAXPAX0@Z              004061db f i libcp:iostream.obj
 0001:000051dc       ??1Init@ios_base@std@@QAE@XZ 004061dc f   libcp:iostream.obj
 0001:00005203       ??0?$basic_ostream@DU?$char_traits@D@std@@@std@@QAE@PAV?$basic_streambuf@DU?$char_traits@D@std@@@1@_N1@Z 00406203 f i libcp:iostream.obj
 0001:0000526d       ??0?$basic_ostream@DU?$char_traits@D@std@@@std@@QAE@W4_Uninitialized@1@@Z 0040626d f i libcp:iostream.obj
 0001:000052cc       ?flush@?$basic_ostream@DU?$char_traits@D@std@@@std@@QAEAAV12@XZ 004062cc f i libcp:iostream.obj
 0001:00005316       ??0?$basic_istream@DU?$char_traits@D@std@@@std@@QAE@PAV?$basic_streambuf@DU?$char_traits@D@std@@@1@_N@Z 00406316 f i libcp:iostream.obj
 0001:0000537e       ??0?$basic_istream@DU?$char_traits@D@std@@@std@@QAE@W4_Uninitialized@1@@Z 0040637e f i libcp:iostream.obj
 0001:000053dd       ??0?$basic_filebuf@DU?$char_traits@D@std@@@std@@QAE@PAU_iobuf@@@Z 004063dd f i libcp:iostream.obj
 0001:0000543d       ??0?$basic_filebuf@DU?$char_traits@D@std@@@std@@QAE@W4_Uninitialized@1@@Z 0040643d f i libcp:iostream.obj
 0001:00005448       ??_E?$basic_istream@DU?$char_traits@D@std@@@std@@UAEPAXI@Z 00406448 f i libcp:iostream.obj
 0001:00005448       ??_G?$basic_istream@DU?$char_traits@D@std@@@std@@UAEPAXI@Z 00406448 f i libcp:iostream.obj
 0001:00005467       ?append@?$basic_string@DU?$char_traits@D@std@@V?$allocator@D@2@@std@@QAEAAV12@ID@Z 00406467 f i libcp:iostream.obj
 0001:000054c0       ?_Gndec@?$basic_streambuf@DU?$char_traits@D@std@@@std@@IAEPADXZ 004064c0 f i libcp:iostream.obj
 0001:000054d0       ?_Gninc@?$basic_streambuf@DU?$char_traits@D@std@@@std@@IAEPADXZ 004064d0 f i libcp:iostream.obj
 0001:000054e0       ?_Pninc@?$basic_streambuf@DU?$char_traits@D@std@@@std@@IAEPADXZ 004064e0 f i libcp:iostream.obj
 0001:000054f0       ?close@?$basic_filebuf@DU?$char_traits@D@std@@@std@@QAEPAV12@XZ 004064f0 f i libcp:iostream.obj
 0001:00005517       ?_Ungetc@std@@YA_NABDPAU_iobuf@@I@Z 00406517 f i libcp:iostream.obj
 0001:000055a6       ?id@?$collate@D@std@@$E    004065a6 f i libcp:iostream.obj
 0001:000056b1       ??_D?$basic_istream@GU?$char_traits@G@std@@@std@@QAEXXZ 004066b1 f i libcp:wiostrea.obj
 0001:000056f5       ??_D?$basic_ostream@GU?$char_traits@G@std@@@std@@QAEXXZ 004066f5 f i libcp:wiostrea.obj
 0001:00005768       ??0_Winit@std@@QAE@XZ      00406768 f   libcp:wiostrea.obj
 0001:000058cf       ??1_Winit@std@@QAE@XZ      004068cf f   libcp:wiostrea.obj
 0001:000058f6       ??0?$basic_ostream@GU?$char_traits@G@std@@@std@@QAE@PAV?$basic_streambuf@GU?$char_traits@G@std@@@1@_N1@Z 004068f6 f i libcp:wiostrea.obj
 0001:00005960       ??0?$basic_ostream@GU?$char_traits@G@std@@@std@@QAE@W4_Uninitialized@1@@Z 00406960 f i libcp:wiostrea.obj
 0001:000059bf       ?flush@?$basic_ostream@GU?$char_traits@G@std@@@std@@QAEAAV12@XZ 004069bf f i libcp:wiostrea.obj
 0001:00005a09       ??1?$basic_ios@GU?$char_traits@G@std@@@std@@UAE@XZ 00406a09 f i libcp:wiostrea.obj
 0001:00005a14       ??0?$basic_istream@GU?$char_traits@G@std@@@std@@QAE@PAV?$basic_streambuf@GU?$char_traits@G@std@@@1@_N@Z 00406a14 f i libcp:wiostrea.obj
 0001:00005a7c       ??0?$basic_istream@GU?$char_traits@G@std@@@std@@QAE@W4_Uninitialized@1@@Z 00406a7c f i libcp:wiostrea.obj
 0001:00005adb       ??0?$basic_filebuf@GU?$char_traits@G@std@@@std@@QAE@PAU_iobuf@@@Z 00406adb f i libcp:wiostrea.obj
 0001:00005b3b       ??1?$basic_streambuf@GU?$char_traits@G@std@@@std@@UAE@XZ 00406b3b f i libcp:wiostrea.obj
 0001:00005b49       ?overflow@?$basic_streambuf@GU?$char_traits@G@std@@@std@@MAEGG@Z 00406b49 f i libcp:wiostrea.obj
 0001:00005b50       ?pbackfail@?$basic_streambuf@GU?$char_traits@G@std@@@std@@MAEGG@Z 00406b50 f i libcp:wiostrea.obj
 0001:00005b57       ?showmanyc@?$basic_streambuf@GU?$char_traits@G@std@@@std@@MAEHXZ 00406b57 f i libcp:wiostrea.obj
 0001:00005b5a       ?underflow@?$basic_streambuf@GU?$char_traits@G@std@@@std@@MAEGXZ 00406b5a f i libcp:wiostrea.obj
 0001:00005b5f       ?uflow@?$basic_streambuf@GU?$char_traits@G@std@@@std@@MAEGXZ 00406b5f f i libcp:wiostrea.obj
 0001:00005b80       ?xsgetn@?$basic_streambuf@GU?$char_traits@G@std@@@std@@MAEHPAGH@Z 00406b80 f i libcp:wiostrea.obj
 0001:00005c07       ?xsputn@?$basic_streambuf@GU?$char_traits@G@std@@@std@@MAEHPBGH@Z 00406c07 f i libcp:wiostrea.obj
 0001:00005c8f       ?seekoff@?$basic_streambuf@GU?$char_traits@G@std@@@std@@MAE?AV?$fpos@H@2@JW4seekdir@ios_base@2@H@Z 00406c8f f i libcp:wiostrea.obj
 0001:00005cc6       ?seekpos@?$basic_streambuf@GU?$char_traits@G@std@@@std@@MAE?AV?$fpos@H@2@V32@H@Z 00406cc6 f i libcp:wiostrea.obj
 0001:00005cfd       ?setbuf@?$basic_streambuf@GU?$char_traits@G@std@@@std@@MAEPAV12@PAGH@Z 00406cfd f i libcp:wiostrea.obj
 0001:00005d02       ?sync@?$basic_streambuf@GU?$char_traits@G@std@@@std@@MAEHXZ 00406d02 f i libcp:wiostrea.obj
 0001:00005d05       ?imbue@?$basic_streambuf@GU?$char_traits@G@std@@@std@@MAEXABVlocale@2@@Z 00406d05 f i libcp:wiostrea.obj
 0001:00005d08       ??0?$basic_filebuf@GU?$char_traits@G@std@@@std@@QAE@W4_Uninitialized@1@@Z 00406d08 f i libcp:wiostrea.obj
 0001:00005d13       ??1?$basic_filebuf@GU?$char_traits@G@std@@@std@@UAE@XZ 00406d13 f i libcp:wiostrea.obj
 0001:00005d78       ?overflow@?$basic_filebuf@GU?$char_traits@G@std@@@std@@MAEGG@Z 00406d78 f i libcp:wiostrea.obj
 0001:00005ec0       ?pbackfail@?$basic_filebuf@GU?$char_traits@G@std@@@std@@MAEGG@Z 00406ec0 f i libcp:wiostrea.obj
 0001:00005f77       ?underflow@?$basic_filebuf@GU?$char_traits@G@std@@@std@@MAEGXZ 00406f77 f i libcp:wiostrea.obj
 0001:00005fa5       ?uflow@?$basic_filebuf@GU?$char_traits@G@std@@@std@@MAEGXZ 00406fa5 f i libcp:wiostrea.obj
 0001:000060c3       ?seekoff@?$basic_filebuf@GU?$char_traits@G@std@@@std@@MAE?AV?$fpos@H@2@JW4seekdir@ios_base@2@H@Z 004070c3 f i libcp:wiostrea.obj
 0001:00006145       ?seekpos@?$basic_filebuf@GU?$char_traits@G@std@@@std@@MAE?AV?$fpos@H@2@V32@H@Z 00407145 f i libcp:wiostrea.obj
 0001:00006207       ?setbuf@?$basic_filebuf@GU?$char_traits@G@std@@@std@@MAEPAV?$basic_streambuf@GU?$char_traits@G@std@@@2@PAGH@Z 00407207 f i libcp:wiostrea.obj
 0001:00006235       ?sync@?$basic_filebuf@GU?$char_traits@G@std@@@std@@MAEHXZ 00407235 f i libcp:wiostrea.obj
 0001:0000624e       ??_G?$basic_ostream@GU?$char_traits@G@std@@@std@@UAEPAXI@Z 0040724e f i libcp:wiostrea.obj
 0001:0000624e       ??_E?$basic_ostream@GU?$char_traits@G@std@@@std@@UAEPAXI@Z 0040724e f i libcp:wiostrea.obj
 0001:0000626d       ??_G?$basic_ios@GU?$char_traits@G@std@@@std@@UAEPAXI@Z 0040726d f i libcp:wiostrea.obj
 0001:0000626d       ??_E?$basic_ios@GU?$char_traits@G@std@@@std@@UAEPAXI@Z 0040726d f i libcp:wiostrea.obj
 0001:00006289       ??_E?$basic_istream@GU?$char_traits@G@std@@@std@@UAEPAXI@Z 00407289 f i libcp:wiostrea.obj
 0001:00006289       ??_G?$basic_istream@GU?$char_traits@G@std@@@std@@UAEPAXI@Z 00407289 f i libcp:wiostrea.obj
 0001:000062a8       ??_E?$basic_streambuf@GU?$char_traits@G@std@@@std@@UAEPAXI@Z 004072a8 f i libcp:wiostrea.obj
 0001:000062a8       ??_G?$basic_streambuf@GU?$char_traits@G@std@@@std@@UAEPAXI@Z 004072a8 f i libcp:wiostrea.obj
 0001:000062c4       ??_E?$basic_filebuf@GU?$char_traits@G@std@@@std@@UAEPAXI@Z 004072c4 f i libcp:wiostrea.obj
 0001:000062c4       ??_G?$basic_filebuf@GU?$char_traits@G@std@@@std@@UAEPAXI@Z 004072c4 f i libcp:wiostrea.obj
 0001:000062e0       ?init@?$basic_ios@GU?$char_traits@G@std@@@std@@IAEXPAV?$basic_streambuf@GU?$char_traits@G@std@@@2@_N@Z 004072e0 f i libcp:wiostrea.obj
 0001:0000632a       ?gbump@?$basic_streambuf@GU?$char_traits@G@std@@@std@@IAEXH@Z 0040732a f i libcp:wiostrea.obj
 0001:0000633e       ?_Gndec@?$basic_streambuf@GU?$char_traits@G@std@@@std@@IAEPAGXZ 0040733e f i libcp:wiostrea.obj
 0001:0000634f       ?_Gninc@?$basic_streambuf@GU?$char_traits@G@std@@@std@@IAEPAGXZ 0040734f f i libcp:wiostrea.obj
 0001:0000635f       ?pbump@?$basic_streambuf@GU?$char_traits@G@std@@@std@@IAEXH@Z 0040735f f i libcp:wiostrea.obj
 0001:00006373       ?_Pninc@?$basic_streambuf@GU?$char_traits@G@std@@@std@@IAEPAGXZ 00407373 f i libcp:wiostrea.obj
 0001:00006383       ?close@?$basic_filebuf@GU?$char_traits@G@std@@@std@@QAEPAV12@XZ 00407383 f i libcp:wiostrea.obj
 0001:000063aa       ?_Init@?$basic_filebuf@GU?$char_traits@G@std@@@std@@IAEXPAU_iobuf@@W4_Initfl@12@@Z 004073aa f i libcp:wiostrea.obj
 0001:00006400       ?_Init@?$basic_streambuf@GU?$char_traits@G@std@@@std@@IAEXXZ 00407400 f i libcp:wiostrea.obj
 0001:00006484       ??3@YAXPAX@Z               00407484 f   libcp:delop.obj
 0001:0000648f       ?clear@ios_base@std@@QAEXH_N@Z 0040748f f   libcp:ios.obj
 0001:0000652b       ??0runtime_error@std@@QAE@ABV?$basic_string@DU?$char_traits@D@std@@V?$allocator@D@2@@1@@Z 0040752b f i libcp:ios.obj
 0001:0000658f       ?what@runtime_error@std@@UBEPBDXZ 0040758f f i libcp:ios.obj
 0001:0000659c       ?_Doraise@runtime_error@std@@MBEXXZ 0040759c f i libcp:ios.obj
 0001:000065b9       ??1runtime_error@std@@UAE@XZ 004075b9 f i libcp:ios.obj
 0001:000065f6       ??_Gruntime_error@std@@UAEPAXI@Z 004075f6 f i libcp:ios.obj
 0001:000065f6       ??_Eruntime_error@std@@UAEPAXI@Z 004075f6 f i libcp:ios.obj
 0001:00006612       ??0runtime_error@std@@QAE@ABV01@@Z 00407612 f i libcp:ios.obj
 0001:0000666f       ??1failure@ios_base@std@@UAE@XZ 0040766f f i libcp:ios.obj
 0001:000066ac       ?_Doraise@failure@ios_base@std@@MBEXXZ 004076ac f i libcp:ios.obj
 0001:000066c9       ??_Gfailure@ios_base@std@@UAEPAXI@Z 004076c9 f i libcp:ios.obj
 0001:000066c9       ??_Efailure@ios_base@std@@UAEPAXI@Z 004076c9 f i libcp:ios.obj
 0001:000066e5       ??0failure@ios_base@std@@QAE@ABV012@@Z 004076e5 f i libcp:ios.obj
 0001:000066fd       ?copyfmt@ios_base@std@@QAEAAV12@ABV12@@Z 004076fd f   libcp:ios.obj
 0001:0000678e       ??4locale@std@@QAEAAV01@ABV01@@Z 0040778e f i libcp:ios.obj
 0001:000067bd       ?imbue@ios_base@std@@QAE?AVlocale@2@ABV32@@Z 004077bd f   libcp:ios.obj
 0001:00006826       ?register_callback@ios_base@std@@QAEXP6AXW4event@12@AAV12@H@ZH@Z 00407826 f   libcp:ios.obj
 0001:0000685c       ??1ios_base@std@@UAE@XZ    0040785c f   libcp:ios.obj
 0001:000068ac       ??_Gios_base@std@@UAEPAXI@Z 004078ac f i libcp:ios.obj
 0001:000068ac       ??_Eios_base@std@@UAEPAXI@Z 004078ac f i libcp:ios.obj
 0001:000068c8       ?_Callfns@ios_base@std@@AAEXW4event@12@@Z 004078c8 f   libcp:ios.obj
 0001:000068ea       ?_Findarr@ios_base@std@@AAEAAU_Iosarray@12@H@Z 004078ea f   libcp:ios.obj
 0001:000069bb       ?_Addstd@ios_base@std@@IAEXXZ 004079bb f   libcp:ios.obj
 0001:000069f0       ?_Init@ios_base@std@@IAEXXZ 004079f0 f   libcp:ios.obj
 0001:00006a28       ?_Tidy@ios_base@std@@AAEXXZ 00407a28 f   libcp:ios.obj
 0001:00006a6a       ?__Fiopen@std@@YAPAU_iobuf@@PBDH@Z 00407a6a f   libcp:fiopen.obj
 0001:00006b46       ?classic@locale@std@@SAABV12@XZ 00407b46 f   libcp:locale0.obj
 0001:00006b51       ?empty@locale@std@@SA?AV12@XZ 00407b51 f   libcp:locale0.obj
 0001:00006b98       ?_Getfacet@locale@std@@QBEPBVfacet@12@I_N@Z 00407b98 f   libcp:locale0.obj
 0001:00006bd7       ?_Iscloc@locale@std@@QBE_NXZ 00407bd7 f   libcp:locale0.obj
 0001:00006bf7       ??8locale@std@@QBE_NABV01@@Z 00407bf7 f   libcp:locale0.obj
 0001:00006cc6       ?name@locale@std@@QBE?AV?$basic_string@DU?$char_traits@D@std@@V?$allocator@D@2@@2@XZ 00407cc6 f i libcp:locale0.obj
 0001:00006cfd       ?_Init@locale@std@@CAPAV_Locimp@12@XZ 00407cfd f   libcp:locale0.obj
 0001:00006db6       ?_Tidy@locale@std@@CAXXZ   00407db6 f   libcp:locale0.obj
 0001:00006dfe       ??0_Locimp@locale@std@@AAE@_N@Z 00407dfe f   libcp:locale0.obj
 0001:00006e70       ??1facet@locale@std@@UAE@XZ 00407e70 f i libcp:locale0.obj
 0001:00006e77       ??_E_Locimp@locale@std@@UAEPAXI@Z 00407e77 f i libcp:locale0.obj
 0001:00006e77       ??_G_Locimp@locale@std@@UAEPAXI@Z 00407e77 f i libcp:locale0.obj
 0001:00006e93       ??1_Locimp@locale@std@@UAE@XZ 00407e93 f   libcp:locale0.obj
 0001:00006f14       ?compare@?$basic_string@DU?$char_traits@D@std@@V?$allocator@D@2@@std@@QBEHABV12@@Z 00407f14 f i libcp:locale0.obj
 0001:00006f36       ?compare@?$basic_string@DU?$char_traits@D@std@@V?$allocator@D@2@@std@@QBEHIIPBDI@Z 00407f36 f i libcp:locale0.obj
 0001:00006fdb       ?_Xlen@std@@YAXXZ          00407fdb f   libcp:string.obj
 0001:00007035       ??0logic_error@std@@QAE@ABV?$basic_string@DU?$char_traits@D@std@@V?$allocator@D@2@@1@@Z 00408035 f i libcp:string.obj
 0001:00007099       ?what@logic_error@std@@UBEPBDXZ 00408099 f i libcp:string.obj
 0001:000070a6       ?_Doraise@logic_error@std@@MBEXXZ 004080a6 f i libcp:string.obj
 0001:000070c3       ??1logic_error@std@@UAE@XZ 004080c3 f i libcp:string.obj
 0001:00007100       ??_Glogic_error@std@@UAEPAXI@Z 00408100 f i libcp:string.obj
 0001:00007100       ??_Elogic_error@std@@UAEPAXI@Z 00408100 f i libcp:string.obj
 0001:0000711c       ??0logic_error@std@@QAE@ABV01@@Z 0040811c f i libcp:string.obj
 0001:00007179       ??1length_error@std@@UAE@XZ 00408179 f i libcp:string.obj
 0001:000071b6       ?_Doraise@length_error@std@@MBEXXZ 004081b6 f i libcp:string.obj
 0001:000071d3       ??_Elength_error@std@@UAEPAXI@Z 004081d3 f i libcp:string.obj
 0001:000071d3       ??_Glength_error@std@@UAEPAXI@Z 004081d3 f i libcp:string.obj
 0001:000071ef       ??0length_error@std@@QAE@ABV01@@Z 004081ef f i libcp:string.obj
 0001:00007207       ?_Xran@std@@YAXXZ          00408207 f   libcp:string.obj
 0001:00007261       ??1out_of_range@std@@UAE@XZ 00408261 f i libcp:string.obj
 0001:0000729e       ?_Doraise@out_of_range@std@@MBEXXZ 0040829e f i libcp:string.obj
 0001:000072bb       ??_Eout_of_range@std@@UAEPAXI@Z 004082bb f i libcp:string.obj
 0001:000072bb       ??_Gout_of_range@std@@UAEPAXI@Z 004082bb f i libcp:string.obj
 0001:000072d7       ??0out_of_range@std@@QAE@ABV01@@Z 004082d7 f i libcp:string.obj
 0001:00007331       ??0locale@std@@QAE@ABV01@0H@Z 00408331 f   libcp:locale.obj
 0001:000073d9       ??0locale@std@@QAE@PBDH@Z  004083d9 f   libcp:locale.obj
 0001:000074e6       ?_Getname@_Locinfo@std@@QBE?AV?$basic_string@DU?$char_traits@D@std@@V?$allocator@D@2@@2@XZ 004084e6 f i libcp:locale.obj
 0001:0000751c       ??0locale@std@@QAE@ABV01@PBDH@Z 0040851c f   libcp:locale.obj
 0001:0000763d       ?_Addfac@locale@std@@QAEAAV12@PAVfacet@12@II@Z 0040863d f   libcp:locale.obj
 0001:000076cb       ?global@locale@std@@SA?AV12@ABV12@@Z 004086cb f   libcp:locale.obj
 0001:000077bf       ?_Makeloc@_Locimp@locale@std@@CAPAV123@ABV_Locinfo@3@HPAV123@PBV23@@Z 004087bf f   libcp:locale.obj
 0001:00007ae4       ??1ctype_base@std@@UAE@XZ  00408ae4 f i libcp:locale.obj
 0001:00007aeb       ?_Init@?$ctype@D@std@@IAEXABV_Locinfo@2@@Z 00408aeb f i libcp:locale.obj
 0001:00007b30       ?_Term@?$ctype@D@std@@KAXXZ 00408b30 f i libcp:locale.obj
 0001:00007b3d       ?do_tolower@?$ctype@D@std@@MBEDD@Z 00408b3d f i libcp:locale.obj
 0001:00007b51       ?do_tolower@?$ctype@D@std@@MBEPBDPADPBD@Z 00408b51 f i libcp:locale.obj
 0001:00007b7c       ?do_toupper@?$ctype@D@std@@MBEDD@Z 00408b7c f i libcp:locale.obj
 0001:00007b90       ?do_toupper@?$ctype@D@std@@MBEPBDPADPBD@Z 00408b90 f i libcp:locale.obj
 0001:00007bbb       ??_E?$ctype@D@std@@UAEPAXI@Z 00408bbb f i libcp:locale.obj
 0001:00007bbb       ??_G?$ctype@D@std@@UAEPAXI@Z 00408bbb f i libcp:locale.obj
 0001:00007bd7       ??1?$ctype@D@std@@UAE@XZ   00408bd7 f i libcp:locale.obj
 0001:00007bf7       ??0_Locimp@locale@std@@AAE@ABV012@@Z 00408bf7 f   libcp:locale.obj
 0001:00007cf0       ?_Addfac@_Locimp@locale@std@@AAEXPAVfacet@23@I@Z 00408cf0 f   libcp:locale.obj
 0001:00007d9f       ??0_Locinfo@std@@QAE@PBD@Z 00408d9f f   libcp:locale.obj
 0001:00007e58       ??0_Locinfo@std@@QAE@HPBD@Z 00408e58 f   libcp:locale.obj
 0001:00007ecf       ??1_Locinfo@std@@QAE@XZ    00408ecf f   libcp:locale.obj
 0001:00007f44       ?_Addcats@_Locinfo@std@@QAEAAV12@HPBD@Z 00408f44 f   libcp:locale.obj
 0001:00007fb3       ?do_get@?$num_get@DV?$istreambuf_iterator@DU?$char_traits@D@std@@@std@@@std@@MBE?AV?$istreambuf_iterator@DU?$char_traits@D@std@@@2@V32@0AAVios_base@2@AAHAA_N@Z 00408fb3 f i libcp:locale.obj
 0001:0000815b       ?getloc@ios_base@std@@QBE?AVlocale@2@XZ 0040915b f i libcp:locale.obj
 0001:0000817b       ?do_get@?$num_get@DV?$istreambuf_iterator@DU?$char_traits@D@std@@@std@@@std@@MBE?AV?$istreambuf_iterator@DU?$char_traits@D@std@@@2@V32@0AAVios_base@2@AAHAAG@Z 0040917b f i libcp:locale.obj
 0001:00008243       ?do_get@?$num_get@DV?$istreambuf_iterator@DU?$char_traits@D@std@@@std@@@std@@MBE?AV?$istreambuf_iterator@DU?$char_traits@D@std@@@2@V32@0AAVios_base@2@AAHAAI@Z 00409243 f i libcp:locale.obj
 0001:00008307       ?do_get@?$num_get@DV?$istreambuf_iterator@DU?$char_traits@D@std@@@std@@@std@@MBE?AV?$istreambuf_iterator@DU?$char_traits@D@std@@@2@V32@0AAVios_base@2@AAHAAJ@Z 00409307 f i libcp:locale.obj
 0001:000083b1       ?do_get@?$num_get@DV?$istreambuf_iterator@DU?$char_traits@D@std@@@std@@@std@@MBE?AV?$istreambuf_iterator@DU?$char_traits@D@std@@@2@V32@0AAVios_base@2@AAHAAK@Z 004093b1 f i libcp:locale.obj
 0001:0000845b       ?do_get@?$num_get@DV?$istreambuf_iterator@DU?$char_traits@D@std@@@std@@@std@@MBE?AV?$istreambuf_iterator@DU?$char_traits@D@std@@@2@V32@0AAVios_base@2@AAHAAM@Z 0040945b f i libcp:locale.obj
 0001:00008501       ?do_get@?$num_get@DV?$istreambuf_iterator@DU?$char_traits@D@std@@@std@@@std@@MBE?AV?$istreambuf_iterator@DU?$char_traits@D@std@@@2@V32@0AAVios_base@2@AAHAAN@Z 00409501 f i libcp:locale.obj
 0001:000085a7       ?do_get@?$num_get@DV?$istreambuf_iterator@DU?$char_traits@D@std@@@std@@@std@@MBE?AV?$istreambuf_iterator@DU?$char_traits@D@std@@@2@V32@0AAVios_base@2@AAHAAO@Z 004095a7 f i libcp:locale.obj
 0001:0000864d       ?do_get@?$num_get@DV?$istreambuf_iterator@DU?$char_traits@D@std@@@std@@@std@@MBE?AV?$istreambuf_iterator@DU?$char_traits@D@std@@@2@V32@0AAVios_base@2@AAHAAPAX@Z 0040964d f i libcp:locale.obj
 0001:00008741       ?do_put@?$num_put@DV?$ostreambuf_iterator@DU?$char_traits@D@std@@@std@@@std@@MBE?AV?$ostreambuf_iterator@DU?$char_traits@D@std@@@2@V32@AAVios_base@2@D_N@Z 00409741 f i libcp:locale.obj
 0001:000088e9       ?do_put@?$num_put@DV?$ostreambuf_iterator@DU?$char_traits@D@std@@@std@@@std@@MBE?AV?$ostreambuf_iterator@DU?$char_traits@D@std@@@2@V32@AAVios_base@2@DJ@Z 004098e9 f i libcp:locale.obj
 0001:00008941       ?do_put@?$num_put@DV?$ostreambuf_iterator@DU?$char_traits@D@std@@@std@@@std@@MBE?AV?$ostreambuf_iterator@DU?$char_traits@D@std@@@2@V32@AAVios_base@2@DK@Z 00409941 f i libcp:locale.obj
 0001:00008999       ?do_put@?$num_put@DV?$ostreambuf_iterator@DU?$char_traits@D@std@@@std@@@std@@MBE?AV?$ostreambuf_iterator@DU?$char_traits@D@std@@@2@V32@AAVios_base@2@DN@Z 00409999 f i libcp:locale.obj
 0001:00008a17       ?do_put@?$num_put@DV?$ostreambuf_iterator@DU?$char_traits@D@std@@@std@@@std@@MBE?AV?$ostreambuf_iterator@DU?$char_traits@D@std@@@2@V32@AAVios_base@2@DO@Z 00409a17 f i libcp:locale.obj
 0001:00008a95       ?do_put@?$num_put@DV?$ostreambuf_iterator@DU?$char_traits@D@std@@@std@@@std@@MBE?AV?$ostreambuf_iterator@DU?$char_traits@D@std@@@2@V32@AAVios_base@2@DPBX@Z 00409a95 f i libcp:locale.obj
 0001:00008b5f       ?do_decimal_point@?$numpunct@D@std@@MBEDXZ 00409b5f f i libcp:locale.obj
 0001:00008b63       ?do_thousands_sep@?$numpunct@D@std@@MBEDXZ 00409b63 f i libcp:locale.obj
 0001:00008b67       ?do_grouping@?$numpunct@D@std@@MBE?AV?$basic_string@DU?$char_traits@D@std@@V?$allocator@D@2@@2@XZ 00409b67 f i libcp:locale.obj
 0001:00008b9d       ?do_falsename@?$numpunct@D@std@@MBE?AV?$basic_string@DU?$char_traits@D@std@@V?$allocator@D@2@@2@XZ 00409b9d f i libcp:locale.obj
 0001:00008bd3       ?do_truename@?$numpunct@D@std@@MBE?AV?$basic_string@DU?$char_traits@D@std@@V?$allocator@D@2@@2@XZ 00409bd3 f i libcp:locale.obj
 0001:00008c09       ??_E?$num_get@DV?$istreambuf_iterator@DU?$char_traits@D@std@@@std@@@std@@UAEPAXI@Z 00409c09 f i libcp:locale.obj
 0001:00008c09       ??_G?$num_get@DV?$istreambuf_iterator@DU?$char_traits@D@std@@@std@@@std@@UAEPAXI@Z 00409c09 f i libcp:locale.obj
 0001:00008c25       ??1?$num_get@DV?$istreambuf_iterator@DU?$char_traits@D@std@@@std@@@std@@UAE@XZ 00409c25 f i libcp:locale.obj
 0001:00008c2c       ??_G?$num_put@DV?$ostreambuf_iterator@DU?$char_traits@D@std@@@std@@@std@@UAEPAXI@Z 00409c2c f i libcp:locale.obj
 0001:00008c2c       ??_E?$num_put@DV?$ostreambuf_iterator@DU?$char_traits@D@std@@@std@@@std@@UAEPAXI@Z 00409c2c f i libcp:locale.obj
 0001:00008c48       ??1?$num_put@DV?$ostreambuf_iterator@DU?$char_traits@D@std@@@std@@@std@@UAE@XZ 00409c48 f i libcp:locale.obj
 0001:00008c4f       ??_G?$numpunct@D@std@@UAEPAXI@Z 00409c4f f i libcp:locale.obj
 0001:00008c4f       ??_E?$numpunct@D@std@@UAEPAXI@Z 00409c4f f i libcp:locale.obj
 0001:00008c6b       ??1?$numpunct@D@std@@UAE@XZ 00409c6b f i libcp:locale.obj
 0001:00008c97       ?_Getifld@?$num_get@DV?$istreambuf_iterator@DU?$char_traits@D@std@@@std@@@std@@CAHPADAAV?$istreambuf_iterator@DU?$char_traits@D@std@@@2@1HABVlocale@2@@Z 00409c97 f i libcp:locale.obj
 0001:0000902c       ?_Getffld@?$num_get@DV?$istreambuf_iterator@DU?$char_traits@D@std@@@std@@@std@@CAHPADAAV?$istreambuf_iterator@DU?$char_traits@D@std@@@2@1ABVlocale@2@@Z 0040a02c f i libcp:locale.obj
 0001:00009318       ?_Ffmt@?$num_put@DV?$ostreambuf_iterator@DU?$char_traits@D@std@@@std@@@std@@KAPADPADDH@Z 0040a318 f i libcp:locale.obj
 0001:00009376       ?_Fput@?$num_put@DV?$ostreambuf_iterator@DU?$char_traits@D@std@@@std@@@std@@KA?AV?$ostreambuf_iterator@DU?$char_traits@D@std@@@2@V32@AAVios_base@2@DPBDII@Z 0040a376 f i libcp:locale.obj
 0001:00009629       ?_Ifmt@?$num_put@DV?$ostreambuf_iterator@DU?$char_traits@D@std@@@std@@@std@@KAPADPADDH@Z 0040a629 f i libcp:locale.obj
 0001:00009683       ?_Iput@?$num_put@DV?$ostreambuf_iterator@DU?$char_traits@D@std@@@std@@@std@@KA?AV?$ostreambuf_iterator@DU?$char_traits@D@std@@@2@V32@AAVios_base@2@DPADI@Z 0040a683 f i libcp:locale.obj
 0001:00009918       ?falsename@?$numpunct@D@std@@QBE?AV?$basic_string@DU?$char_traits@D@std@@V?$allocator@D@2@@2@XZ 0040a918 f i libcp:locale.obj
 0001:0000992f       ?truename@?$numpunct@D@std@@QBE?AV?$basic_string@DU?$char_traits@D@std@@V?$allocator@D@2@@2@XZ 0040a92f f i libcp:locale.obj
 0001:00009946       ?_Init@?$numpunct@D@std@@IAEXABV_Locinfo@2@@Z 0040a946 f i libcp:locale.obj
 0001:0000998f       ?assign@?$basic_string@DU?$char_traits@D@std@@V?$allocator@D@2@@std@@QAEAAV12@ID@Z 0040a98f f i libcp:locale.obj
 0001:000099d5       ?_Inc@?$istreambuf_iterator@DU?$char_traits@D@std@@@std@@AAEXXZ 0040a9d5 f i libcp:locale.obj
 0001:000099f7       ?sbumpc@?$basic_streambuf@DU?$char_traits@D@std@@@std@@QAEHXZ 0040a9f7 f i libcp:locale.obj
 0001:00009a1a       ?_Peek@?$istreambuf_iterator@DU?$char_traits@D@std@@@std@@AAEDXZ 0040aa1a f i libcp:locale.obj
 0001:00009a3e       ?sgetc@?$basic_streambuf@DU?$char_traits@D@std@@@std@@QAEHXZ 0040aa3e f i libcp:locale.obj
 0001:00009a5c       ??4?$ostreambuf_iterator@DU?$char_traits@D@std@@@std@@QAEAAV01@D@Z 0040aa5c f i libcp:locale.obj
 0001:00009a7d       ?sputc@?$basic_streambuf@DU?$char_traits@D@std@@@std@@QAEHD@Z 0040aa7d f i libcp:locale.obj
 0001:00009aaf       ?grouping@?$numpunct@D@std@@QBE?AV?$basic_string@DU?$char_traits@D@std@@V?$allocator@D@2@@2@XZ 0040aaaf f i libcp:locale.obj
 0001:00009ac6       ?append@?$basic_string@DU?$char_traits@D@std@@V?$allocator@D@2@@std@@QAEAAV12@ABV12@II@Z 0040aac6 f i libcp:locale.obj
 0001:00009b4e       ?use_facet@std@@YAABV?$ctype@D@1@ABVlocale@1@PBV21@_N@Z 0040ab4e f i libcp:locale.obj
 0001:00009c08       ??0?$ctype@D@std@@QAE@PBF_NI@Z 0040ac08 f i libcp:locale.obj
 0001:00009cb8       ?use_facet@std@@YAABV?$num_get@DV?$istreambuf_iterator@DU?$char_traits@D@std@@@std@@@1@ABVlocale@1@PBV21@_N@Z 0040acb8 f i libcp:locale.obj
 0001:00009d89       ?use_facet@std@@YAABV?$num_put@DV?$ostreambuf_iterator@DU?$char_traits@D@std@@@std@@@1@ABVlocale@1@PBV21@_N@Z 0040ad89 f i libcp:locale.obj
 0001:00009e5a       ?use_facet@std@@YAABV?$numpunct@D@1@ABVlocale@1@PBV21@_N@Z 0040ae5a f i libcp:locale.obj
 0001:00009f11       ?use_facet@std@@YAABV?$codecvt@DDH@1@ABVlocale@1@PBV21@_N@Z 0040af11 f i libcp:locale.obj
 0001:00009fc8       ?_Getloctxt@std@@YAHAAV?$istreambuf_iterator@DU?$char_traits@D@std@@@1@0IPBD@Z 0040afc8 f i libcp:locale.obj
 0001:0000a181       ?isdigit@std@@YA_NDABVlocale@1@@Z 0040b181 f i libcp:locale.obj
 0001:0000a1a2       ?_Maklocstr@std@@YAPADPBDPAD@Z 0040b1a2 f i libcp:locale.obj
 0001:0000a1cb       ?equal@?$istreambuf_iterator@DU?$char_traits@D@std@@@std@@QBE_NABV12@@Z 0040b1cb f i libcp:locale.obj
 0001:0000a20a       ??0?$numpunct@D@std@@QAE@I@Z 0040b20a f i libcp:locale.obj
 0001:0000a263       ?_Save@?$_Tidyfac@V?$ctype@D@std@@@std@@SAPAV?$ctype@D@2@PAV32@@Z 0040b263 f i libcp:locale.obj
 0001:0000a289       ?_Save@?$_Tidyfac@V?$num_get@DV?$istreambuf_iterator@DU?$char_traits@D@std@@@std@@@std@@@std@@SAPAV?$num_get@DV?$istreambuf_iterator@DU?$char_traits@D@std@@@std@@@2@PAV32@@Z 0040b289 f i libcp:locale.obj
 0001:0000a2af       ?_Save@?$_Tidyfac@V?$num_put@DV?$ostreambuf_iterator@DU?$char_traits@D@std@@@std@@@std@@@std@@SAPAV?$num_put@DV?$ostreambuf_iterator@DU?$char_traits@D@std@@@std@@@2@PAV32@@Z 0040b2af f i libcp:locale.obj
 0001:0000a2d5       ?_Save@?$_Tidyfac@V?$numpunct@D@std@@@std@@SAPAV?$numpunct@D@2@PAV32@@Z 0040b2d5 f i libcp:locale.obj
 0001:0000a2fb       ?_Tidy@?$_Tidyfac@V?$ctype@D@std@@@std@@SAXXZ 0040b2fb f i libcp:locale.obj
 0001:0000a346       ?_Tidy@?$_Tidyfac@V?$num_get@DV?$istreambuf_iterator@DU?$char_traits@D@std@@@std@@@std@@@std@@SAXXZ 0040b346 f i libcp:locale.obj
 0001:0000a391       ?_Tidy@?$_Tidyfac@V?$num_put@DV?$ostreambuf_iterator@DU?$char_traits@D@std@@@std@@@std@@@std@@SAXXZ 0040b391 f i libcp:locale.obj
 0001:0000a3dc       ?_Tidy@?$_Tidyfac@V?$numpunct@D@std@@@std@@SAXXZ 0040b3dc f i libcp:locale.obj
 0001:0000a469       __Wcrtomb                  0040b469 f   libcp:xwctomb.obj
 0001:0000a4db       __Getcvt                   0040b4db f   libcp:xwctomb.obj
 0001:0000a4e7       _wcrtomb                   0040b4e7 f   libcp:xwctomb.obj
 0001:0000a506       _wcsrtombs                 0040b506 f   libcp:xwctomb.obj
 0001:0000a5ee       _wctob                     0040b5ee f   libcp:xwctomb.obj
 0001:0000a61c       __Mbrtowc                  0040b61c f   libcp:xmbtowc.obj
 0001:0000a72e       _btowc                     0040b72e f   libcp:xmbtowc.obj
 0001:0000a76f       _mbrlen                    0040b76f f   libcp:xmbtowc.obj
 0001:0000a792       _mbrtowc                   0040b792 f   libcp:xmbtowc.obj
 0001:0000a7d3       _mbsrtowcs                 0040b7d3 f   libcp:xmbtowc.obj
 0001:0000a860       ?_Nomemory@std@@YAXXZ      0040b860 f   libcp:nomemory.obj
 0001:0000a8ab       ??0bad_alloc@std@@QAE@PBD@Z 0040b8ab f i libcp:nomemory.obj
 0001:0000a8c4       ??1bad_alloc@std@@UAE@XZ   0040b8c4 f i libcp:nomemory.obj
 0001:0000a8cf       ?_Doraise@bad_alloc@std@@MBEXXZ 0040b8cf f i libcp:nomemory.obj
 0001:0000a8ec       ??_Ebad_alloc@std@@UAEPAXI@Z 0040b8ec f i libcp:nomemory.obj
 0001:0000a8ec       ??_Gbad_alloc@std@@UAEPAXI@Z 0040b8ec f i libcp:nomemory.obj
 0001:0000a908       ??0bad_alloc@std@@QAE@ABV01@@Z 0040b908 f i libcp:nomemory.obj
 0001:0000a92a       ?_Makewloc@_Locimp@locale@std@@CAXABV_Locinfo@3@HPAV123@PBV23@@Z 0040b92a f   libcp:wlocale.obj
 0001:0000b067       ??1_Timevec@std@@QAE@XZ    0040c067 f i libcp:wlocale.obj
 0001:0000b070       ?do_in@?$codecvt@GDH@std@@MBEHAAHPBD1AAPBDPAG3AAPAG@Z 0040c070 f i libcp:wlocale.obj
 0001:0000b0f2       ?do_out@?$codecvt@GDH@std@@MBEHAAHPBG1AAPBGPAD3AAPAD@Z 0040c0f2 f i libcp:wlocale.obj
 0001:0000b1c5       ?do_length@?$codecvt@GDH@std@@MBEHAAHPBG1I@Z 0040c1c5 f i libcp:wlocale.obj
 0001:0000b214       ?do_always_noconv@?$codecvt@GDH@std@@MBE_NXZ 0040c214 f i libcp:wlocale.obj
 0001:0000b217       ?do_max_length@?$codecvt@GDH@std@@MBEHXZ 0040c217 f i libcp:wlocale.obj
 0001:0000b21b       ?do_encoding@?$codecvt@GDH@std@@MBEHXZ 0040c21b f i libcp:wlocale.obj
 0001:0000b21e       ??_E?$codecvt@GDH@std@@UAEPAXI@Z 0040c21e f i libcp:wlocale.obj
 0001:0000b21e       ??_G?$codecvt@GDH@std@@UAEPAXI@Z 0040c21e f i libcp:wlocale.obj
 0001:0000b23a       ??1?$codecvt@GDH@std@@UAE@XZ 0040c23a f i libcp:wlocale.obj
 0001:0000b241       ??1time_base@std@@UAE@XZ   0040c241 f i libcp:wlocale.obj
 0001:0000b248       ??1messages_base@std@@UAE@XZ 0040c248 f i libcp:wlocale.obj
 0001:0000b24f       ?do_is@?$ctype@G@std@@MBE_NFG@Z 0040c24f f i libcp:wlocale.obj
 0001:0000b276       ?do_is@?$ctype@G@std@@MBEPBGPBG0PAF@Z 0040c276 f i libcp:wlocale.obj
 0001:0000b2b5       ?do_scan_is@?$ctype@G@std@@MBEPBGFPBG0@Z 0040c2b5 f i libcp:wlocale.obj
 0001:0000b2e1       ?do_scan_not@?$ctype@G@std@@MBEPBGFPBG0@Z 0040c2e1 f i libcp:wlocale.obj
 0001:0000b30d       ?do_tolower@?$ctype@G@std@@MBEGG@Z 0040c30d f i libcp:wlocale.obj
 0001:0000b33e       ?do_tolower@?$ctype@G@std@@MBEPBGPAGPBG@Z 0040c33e f i libcp:wlocale.obj
 0001:0000b36b       ?do_toupper@?$ctype@G@std@@MBEGG@Z 0040c36b f i libcp:wlocale.obj
 0001:0000b39c       ?do_toupper@?$ctype@G@std@@MBEPBGPAGPBG@Z 0040c39c f i libcp:wlocale.obj
 0001:0000b3c9       ?do_widen@?$ctype@G@std@@MBEGD@Z 0040c3c9 f i libcp:wlocale.obj
 0001:0000b3d8       ?do_widen@?$ctype@G@std@@MBEPBDPBD0PAG@Z 0040c3d8 f i libcp:wlocale.obj
 0001:0000b405       ?do_narrow@?$ctype@G@std@@MBEDGD@Z 0040c405 f i libcp:wlocale.obj
 0001:0000b412       ?do_narrow@?$ctype@G@std@@MBEPBGPBG0DPAD@Z 0040c412 f i libcp:wlocale.obj
 0001:0000b43e       ?do_put@?$time_put@GV?$ostreambuf_iterator@GU?$char_traits@G@std@@@std@@@std@@MBE?AV?$ostreambuf_iterator@GU?$char_traits@G@std@@@2@V32@AAVios_base@2@PBUtm@@DD@Z 0040c43e f i libcp:wlocale.obj
 0001:0000b51a       ?do_get@?$num_get@GV?$istreambuf_iterator@GU?$char_traits@G@std@@@std@@@std@@MBE?AV?$istreambuf_iterator@GU?$char_traits@G@std@@@2@V32@0AAVios_base@2@AAHAA_N@Z 0040c51a f i libcp:wlocale.obj
 0001:0000b6c2       ?do_get@?$num_get@GV?$istreambuf_iterator@GU?$char_traits@G@std@@@std@@@std@@MBE?AV?$istreambuf_iterator@GU?$char_traits@G@std@@@2@V32@0AAVios_base@2@AAHAAG@Z 0040c6c2 f i libcp:wlocale.obj
 0001:0000b78a       ?do_get@?$num_get@GV?$istreambuf_iterator@GU?$char_traits@G@std@@@std@@@std@@MBE?AV?$istreambuf_iterator@GU?$char_traits@G@std@@@2@V32@0AAVios_base@2@AAHAAI@Z 0040c78a f i libcp:wlocale.obj
 0001:0000b84e       ?do_get@?$num_get@GV?$istreambuf_iterator@GU?$char_traits@G@std@@@std@@@std@@MBE?AV?$istreambuf_iterator@GU?$char_traits@G@std@@@2@V32@0AAVios_base@2@AAHAAJ@Z 0040c84e f i libcp:wlocale.obj
 0001:0000b8f8       ?do_get@?$num_get@GV?$istreambuf_iterator@GU?$char_traits@G@std@@@std@@@std@@MBE?AV?$istreambuf_iterator@GU?$char_traits@G@std@@@2@V32@0AAVios_base@2@AAHAAK@Z 0040c8f8 f i libcp:wlocale.obj
 0001:0000b9a2       ?do_get@?$num_get@GV?$istreambuf_iterator@GU?$char_traits@G@std@@@std@@@std@@MBE?AV?$istreambuf_iterator@GU?$char_traits@G@std@@@2@V32@0AAVios_base@2@AAHAAM@Z 0040c9a2 f i libcp:wlocale.obj
 0001:0000ba48       ?do_get@?$num_get@GV?$istreambuf_iterator@GU?$char_traits@G@std@@@std@@@std@@MBE?AV?$istreambuf_iterator@GU?$char_traits@G@std@@@2@V32@0AAVios_base@2@AAHAAN@Z 0040ca48 f i libcp:wlocale.obj
 0001:0000baee       ?do_get@?$num_get@GV?$istreambuf_iterator@GU?$char_traits@G@std@@@std@@@std@@MBE?AV?$istreambuf_iterator@GU?$char_traits@G@std@@@2@V32@0AAVios_base@2@AAHAAO@Z 0040caee f i libcp:wlocale.obj
 0001:0000bb94       ?do_get@?$num_get@GV?$istreambuf_iterator@GU?$char_traits@G@std@@@std@@@std@@MBE?AV?$istreambuf_iterator@GU?$char_traits@G@std@@@2@V32@0AAVios_base@2@AAHAAPAX@Z 0040cb94 f i libcp:wlocale.obj
 0001:0000bc90       ?do_put@?$num_put@GV?$ostreambuf_iterator@GU?$char_traits@G@std@@@std@@@std@@MBE?AV?$ostreambuf_iterator@GU?$char_traits@G@std@@@2@V32@AAVios_base@2@G_N@Z 0040cc90 f i libcp:wlocale.obj
 0001:0000be43       ?do_put@?$num_put@GV?$ostreambuf_iterator@GU?$char_traits@G@std@@@std@@@std@@MBE?AV?$ostreambuf_iterator@GU?$char_traits@G@std@@@2@V32@AAVios_base@2@GJ@Z 0040ce43 f i libcp:wlocale.obj
 0001:0000be9b       ?do_put@?$num_put@GV?$ostreambuf_iterator@GU?$char_traits@G@std@@@std@@@std@@MBE?AV?$ostreambuf_iterator@GU?$char_traits@G@std@@@2@V32@AAVios_base@2@GK@Z 0040ce9b f i libcp:wlocale.obj
 0001:0000bef3       ?do_put@?$num_put@GV?$ostreambuf_iterator@GU?$char_traits@G@std@@@std@@@std@@MBE?AV?$ostreambuf_iterator@GU?$char_traits@G@std@@@2@V32@AAVios_base@2@GN@Z 0040cef3 f i libcp:wlocale.obj
 0001:0000bf71       ?do_put@?$num_put@GV?$ostreambuf_iterator@GU?$char_traits@G@std@@@std@@@std@@MBE?AV?$ostreambuf_iterator@GU?$char_traits@G@std@@@2@V32@AAVios_base@2@GO@Z 0040cf71 f i libcp:wlocale.obj
 0001:0000bfef       ?do_put@?$num_put@GV?$ostreambuf_iterator@GU?$char_traits@G@std@@@std@@@std@@MBE?AV?$ostreambuf_iterator@GU?$char_traits@G@std@@@2@V32@AAVios_base@2@GPBX@Z 0040cfef f i libcp:wlocale.obj
 0001:0000c0c1       ?do_decimal_point@?$numpunct@G@std@@MBEGXZ 0040d0c1 f i libcp:wlocale.obj
 0001:0000c0c6       ?do_thousands_sep@?$numpunct@G@std@@MBEGXZ 0040d0c6 f i libcp:wlocale.obj
 0001:0000c0cb       ?do_grouping@?$numpunct@G@std@@MBE?AV?$basic_string@DU?$char_traits@D@std@@V?$allocator@D@2@@2@XZ 0040d0cb f i libcp:wlocale.obj
 0001:0000c101       ?do_falsename@?$numpunct@G@std@@MBE?AV?$basic_string@GU?$char_traits@G@std@@V?$allocator@G@2@@2@XZ 0040d101 f i libcp:wlocale.obj
 0001:0000c137       ?do_truename@?$numpunct@G@std@@MBE?AV?$basic_string@GU?$char_traits@G@std@@V?$allocator@G@2@@2@XZ 0040d137 f i libcp:wlocale.obj
 0001:0000c16d       ?do_compare@?$collate@G@std@@MBEHPBG000@Z 0040d16d f i libcp:wlocale.obj
 0001:0000c1b0       ?do_transform@?$collate@G@std@@MBE?AV?$basic_string@GU?$char_traits@G@std@@V?$allocator@G@2@@2@PBG0@Z 0040d1b0 f i libcp:wlocale.obj
 0001:0000c287       ?do_hash@?$collate@G@std@@MBEJPBG0@Z 0040d287 f i libcp:wlocale.obj
 0001:0000c2a9       ?do_open@?$messages@G@std@@MBEHABV?$basic_string@DU?$char_traits@D@std@@V?$allocator@D@2@@2@ABVlocale@2@@Z 0040d2a9 f i libcp:wlocale.obj
 0001:0000c2ae       ?do_get@?$messages@G@std@@MBE?AV?$basic_string@GU?$char_traits@G@std@@V?$allocator@G@2@@2@HHHABV32@@Z 0040d2ae f i libcp:wlocale.obj
 0001:0000c31f       ?do_close@?$messages@G@std@@MBEXH@Z 0040d31f f i libcp:wlocale.obj
 0001:0000c322       ?do_get@?$money_get@GV?$istreambuf_iterator@GU?$char_traits@G@std@@@std@@@std@@MBE?AV?$istreambuf_iterator@GU?$char_traits@G@std@@@2@V32@0_NAAVios_base@2@AAHAAO@Z 0040d322 f i libcp:wlocale.obj
 0001:0000c455       ?do_get@?$money_get@GV?$istreambuf_iterator@GU?$char_traits@G@std@@@std@@@std@@MBE?AV?$istreambuf_iterator@GU?$char_traits@G@std@@@2@V32@0_NAAVios_base@2@AAHAAV?$basic_string@GU?$char_traits@G@std@@V?$allocator@G@2@@2@@Z 0040d455 f i libcp:wlocale.obj
 0001:0000c4df       ?do_put@?$money_put@GV?$ostreambuf_iterator@GU?$char_traits@G@std@@@std@@@std@@MBE?AV?$ostreambuf_iterator@GU?$char_traits@G@std@@@2@V32@_NAAVios_base@2@GO@Z 0040d4df f i libcp:wlocale.obj
 0001:0000c613       ?do_put@?$money_put@GV?$ostreambuf_iterator@GU?$char_traits@G@std@@@std@@@std@@MBE?AV?$ostreambuf_iterator@GU?$char_traits@G@std@@@2@V32@_NAAVios_base@2@GABV?$basic_string@GU?$char_traits@G@std@@V?$allocator@G@2@@2@@Z 0040d613 f i libcp:wlocale.obj
 0001:0000c74f       ?do_decimal_point@?$_Mpunct@G@std@@MBEGXZ 0040d74f f i libcp:wlocale.obj
 0001:0000c754       ?do_thousands_sep@?$_Mpunct@G@std@@MBEGXZ 0040d754 f i libcp:wlocale.obj
 0001:0000c759       ?do_grouping@?$_Mpunct@G@std@@MBE?AV?$basic_string@DU?$char_traits@D@std@@V?$allocator@D@2@@2@XZ 0040d759 f i libcp:wlocale.obj
 0001:0000c78f       ?do_curr_symbol@?$_Mpunct@G@std@@MBE?AV?$basic_string@GU?$char_traits@G@std@@V?$allocator@G@2@@2@XZ 0040d78f f i libcp:wlocale.obj
 0001:0000c7c5       ?do_positive_sign@?$_Mpunct@G@std@@MBE?AV?$basic_string@GU?$char_traits@G@std@@V?$allocator@G@2@@2@XZ 0040d7c5 f i libcp:wlocale.obj
 0001:0000c7fb       ?do_negative_sign@?$_Mpunct@G@std@@MBE?AV?$basic_string@GU?$char_traits@G@std@@V?$allocator@G@2@@2@XZ 0040d7fb f i libcp:wlocale.obj
 0001:0000c831       ?do_frac_digits@?$_Mpunct@G@std@@MBEHXZ 0040d831 f i libcp:wlocale.obj
 0001:0000c835       ?do_pos_format@?$_Mpunct@G@std@@MBE?AUpattern@money_base@2@XZ 0040d835 f i libcp:wlocale.obj
 0001:0000c841       ?do_neg_format@?$_Mpunct@G@std@@MBE?AUpattern@money_base@2@XZ 0040d841 f i libcp:wlocale.obj
 0001:0000c84d       ?do_date_order@?$time_get@GV?$istreambuf_iterator@GU?$char_traits@G@std@@@std@@@std@@MBEHXZ 0040d84d f i libcp:wlocale.obj
 0001:0000c851       ?do_get_time@?$time_get@GV?$istreambuf_iterator@GU?$char_traits@G@std@@@std@@@std@@MBE?AV?$istreambuf_iterator@GU?$char_traits@G@std@@@2@V32@0AAVios_base@2@AAHPAUtm@@@Z 0040d851 f i libcp:wlocale.obj
 0001:0000c915       ?do_get_date@?$time_get@GV?$istreambuf_iterator@GU?$char_traits@G@std@@@std@@@std@@MBE?AV?$istreambuf_iterator@GU?$char_traits@G@std@@@2@V32@0AAVios_base@2@AAHPAUtm@@@Z 0040d915 f i libcp:wlocale.obj
 0001:0000ca46       ?do_get_weekday@?$time_get@GV?$istreambuf_iterator@GU?$char_traits@G@std@@@std@@@std@@MBE?AV?$istreambuf_iterator@GU?$char_traits@G@std@@@2@V32@0AAVios_base@2@AAHPAUtm@@@Z 0040da46 f i libcp:wlocale.obj
 0001:0000ca84       ?do_get_monthname@?$time_get@GV?$istreambuf_iterator@GU?$char_traits@G@std@@@std@@@std@@MBE?AV?$istreambuf_iterator@GU?$char_traits@G@std@@@2@V32@0AAVios_base@2@AAHPAUtm@@@Z 0040da84 f i libcp:wlocale.obj
 0001:0000cac2       ?do_get_year@?$time_get@GV?$istreambuf_iterator@GU?$char_traits@G@std@@@std@@@std@@MBE?AV?$istreambuf_iterator@GU?$char_traits@G@std@@@2@V32@0AAVios_base@2@AAHPAUtm@@@Z 0040dac2 f i libcp:wlocale.obj
 0001:0000cb28       ??_G?$ctype@G@std@@UAEPAXI@Z 0040db28 f i libcp:wlocale.obj
 0001:0000cb28       ??_E?$ctype@G@std@@UAEPAXI@Z 0040db28 f i libcp:wlocale.obj
 0001:0000cb44       ??1?$ctype@G@std@@UAE@XZ   0040db44 f i libcp:wlocale.obj
 0001:0000cb64       ??_E?$time_put@GV?$ostreambuf_iterator@GU?$char_traits@G@std@@@std@@@std@@UAEPAXI@Z 0040db64 f i libcp:wlocale.obj
 0001:0000cb64       ??_G?$time_put@GV?$ostreambuf_iterator@GU?$char_traits@G@std@@@std@@@std@@UAEPAXI@Z 0040db64 f i libcp:wlocale.obj
 0001:0000cb80       ??1?$time_put@GV?$ostreambuf_iterator@GU?$char_traits@G@std@@@std@@@std@@UAE@XZ 0040db80 f i libcp:wlocale.obj
 0001:0000cb9a       ??_G?$num_get@GV?$istreambuf_iterator@GU?$char_traits@G@std@@@std@@@std@@UAEPAXI@Z 0040db9a f i libcp:wlocale.obj
 0001:0000cb9a       ??_E?$num_get@GV?$istreambuf_iterator@GU?$char_traits@G@std@@@std@@@std@@UAEPAXI@Z 0040db9a f i libcp:wlocale.obj
 0001:0000cbb6       ??1?$num_get@GV?$istreambuf_iterator@GU?$char_traits@G@std@@@std@@@std@@UAE@XZ 0040dbb6 f i libcp:wlocale.obj
 0001:0000cbbd       ??_E?$num_put@GV?$ostreambuf_iterator@GU?$char_traits@G@std@@@std@@@std@@UAEPAXI@Z 0040dbbd f i libcp:wlocale.obj
 0001:0000cbbd       ??_G?$num_put@GV?$ostreambuf_iterator@GU?$char_traits@G@std@@@std@@@std@@UAEPAXI@Z 0040dbbd f i libcp:wlocale.obj
 0001:0000cbd9       ??1?$num_put@GV?$ostreambuf_iterator@GU?$char_traits@G@std@@@std@@@std@@UAE@XZ 0040dbd9 f i libcp:wlocale.obj
 0001:0000cbe0       ??_G?$numpunct@G@std@@UAEPAXI@Z 0040dbe0 f i libcp:wlocale.obj
 0001:0000cbe0       ??_E?$numpunct@G@std@@UAEPAXI@Z 0040dbe0 f i libcp:wlocale.obj
 0001:0000cbfc       ??1?$numpunct@G@std@@UAE@XZ 0040dbfc f i libcp:wlocale.obj
 0001:0000cc28       ??_E?$collate@G@std@@UAEPAXI@Z 0040dc28 f i libcp:wlocale.obj
 0001:0000cc28       ??_G?$collate@G@std@@UAEPAXI@Z 0040dc28 f i libcp:wlocale.obj
 0001:0000cc44       ??1?$collate@G@std@@UAE@XZ 0040dc44 f i libcp:wlocale.obj
 0001:0000cc4b       ??_G?$messages@G@std@@UAEPAXI@Z 0040dc4b f i libcp:wlocale.obj
 0001:0000cc4b       ??_E?$messages@G@std@@UAEPAXI@Z 0040dc4b f i libcp:wlocale.obj
 0001:0000cc67       ??1?$messages@G@std@@UAE@XZ 0040dc67 f i libcp:wlocale.obj
 0001:0000cc8a       ??_E?$money_get@GV?$istreambuf_iterator@GU?$char_traits@G@std@@@std@@@std@@UAEPAXI@Z 0040dc8a f i libcp:wlocale.obj
 0001:0000cc8a       ??_G?$money_get@GV?$istreambuf_iterator@GU?$char_traits@G@std@@@std@@@std@@UAEPAXI@Z 0040dc8a f i libcp:wlocale.obj
 0001:0000cca6       ??1?$money_get@GV?$istreambuf_iterator@GU?$char_traits@G@std@@@std@@@std@@UAE@XZ 0040dca6 f i libcp:wlocale.obj
 0001:0000ccad       ??_E?$money_put@GV?$ostreambuf_iterator@GU?$char_traits@G@std@@@std@@@std@@UAEPAXI@Z 0040dcad f i libcp:wlocale.obj
 0001:0000ccad       ??_G?$money_put@GV?$ostreambuf_iterator@GU?$char_traits@G@std@@@std@@@std@@UAEPAXI@Z 0040dcad f i libcp:wlocale.obj
 0001:0000ccc9       ??1?$money_put@GV?$ostreambuf_iterator@GU?$char_traits@G@std@@@std@@@std@@UAE@XZ 0040dcc9 f i libcp:wlocale.obj
 0001:0000ccd0       ??_E?$moneypunct@G$0A@@std@@UAEPAXI@Z 0040dcd0 f i libcp:wlocale.obj
 0001:0000ccd0       ??_G?$moneypunct@G$0A@@std@@UAEPAXI@Z 0040dcd0 f i libcp:wlocale.obj
 0001:0000ccec       ??_E?$moneypunct@G$00@std@@UAEPAXI@Z 0040dcec f i libcp:wlocale.obj
 0001:0000ccec       ??_G?$moneypunct@G$00@std@@UAEPAXI@Z 0040dcec f i libcp:wlocale.obj
 0001:0000cd08       ??_G?$time_get@GV?$istreambuf_iterator@GU?$char_traits@G@std@@@std@@@std@@UAEPAXI@Z 0040dd08 f i libcp:wlocale.obj
 0001:0000cd08       ??_E?$time_get@GV?$istreambuf_iterator@GU?$char_traits@G@std@@@std@@@std@@UAEPAXI@Z 0040dd08 f i libcp:wlocale.obj
 0001:0000cd24       ??1?$time_get@GV?$istreambuf_iterator@GU?$char_traits@G@std@@@std@@@std@@UAE@XZ 0040dd24 f i libcp:wlocale.obj
 0001:0000cd47       ??1?$moneypunct@G$0A@@std@@UAE@XZ 0040dd47 f i libcp:wlocale.obj
 0001:0000cd4c       ??1?$_Mpunct@G@std@@UAE@XZ 0040dd4c f i libcp:wlocale.obj
 0001:0000cd80       ??_E?$_Mpunct@G@std@@UAEPAXI@Z 0040dd80 f i libcp:wlocale.obj
 0001:0000cd80       ??_G?$_Mpunct@G@std@@UAEPAXI@Z 0040dd80 f i libcp:wlocale.obj
 0001:0000cd9c       ??1?$moneypunct@G$00@std@@UAE@XZ 0040dd9c f i libcp:wlocale.obj
 0001:0000cda1       ?_Init@?$time_put@GV?$ostreambuf_iterator@GU?$char_traits@G@std@@@std@@@std@@IAEXABV_Locinfo@2@@Z 0040dda1 f i libcp:wlocale.obj
 0001:0000cdc9       ?_Gettnames@_Locinfo@std@@QBE?AV_Timevec@2@XZ 0040ddc9 f i libcp:wlocale.obj
 0001:0000cde1       ??4?$ostreambuf_iterator@GU?$char_traits@G@std@@@std@@QAEAAV01@G@Z 0040dde1 f i libcp:wlocale.obj
 0001:0000ce03       ?sputc@?$basic_streambuf@GU?$char_traits@G@std@@@std@@QAEGG@Z 0040de03 f i libcp:wlocale.obj
 0001:0000ce34       ?_Getifld@?$num_get@GV?$istreambuf_iterator@GU?$char_traits@G@std@@@std@@@std@@CAHPADAAV?$istreambuf_iterator@GU?$char_traits@G@std@@@2@1HABVlocale@2@@Z 0040de34 f i libcp:wlocale.obj
 0001:0000d203       ?_Getffld@?$num_get@GV?$istreambuf_iterator@GU?$char_traits@G@std@@@std@@@std@@CAHPADAAV?$istreambuf_iterator@GU?$char_traits@G@std@@@2@1ABVlocale@2@@Z 0040e203 f i libcp:wlocale.obj
 0001:0000d54e       ?_Ffmt@?$num_put@GV?$ostreambuf_iterator@GU?$char_traits@G@std@@@std@@@std@@KAPADPADDH@Z 0040e54e f i libcp:wlocale.obj
 0001:0000d5ac       ?_Fput@?$num_put@GV?$ostreambuf_iterator@GU?$char_traits@G@std@@@std@@@std@@KA?AV?$ostreambuf_iterator@GU?$char_traits@G@std@@@2@V32@AAVios_base@2@GPBDII@Z 0040e5ac f i libcp:wlocale.obj
 0001:0000d891       ?_Ifmt@?$num_put@GV?$ostreambuf_iterator@GU?$char_traits@G@std@@@std@@@std@@KAPADPADDH@Z 0040e891 f i libcp:wlocale.obj
 0001:0000d8eb       ?_Iput@?$num_put@GV?$ostreambuf_iterator@GU?$char_traits@G@std@@@std@@@std@@KA?AV?$ostreambuf_iterator@GU?$char_traits@G@std@@@2@V32@AAVios_base@2@GPADI@Z 0040e8eb f i libcp:wlocale.obj
 0001:0000db99       ?falsename@?$numpunct@G@std@@QBE?AV?$basic_string@GU?$char_traits@G@std@@V?$allocator@G@2@@2@XZ 0040eb99 f i libcp:wlocale.obj
 0001:0000dbb0       ?truename@?$numpunct@G@std@@QBE?AV?$basic_string@GU?$char_traits@G@std@@V?$allocator@G@2@@2@XZ 0040ebb0 f i libcp:wlocale.obj
 0001:0000dbc7       ?_Init@?$numpunct@G@std@@IAEXABV_Locinfo@2@@Z 0040ebc7 f i libcp:wlocale.obj
 0001:0000dc24       ?_Init@?$messages@G@std@@IAEXABV_Locinfo@2@@Z 0040ec24 f i libcp:wlocale.obj
 0001:0000dc4c       ?_Getmfld@?$money_get@GV?$istreambuf_iterator@GU?$char_traits@G@std@@@std@@@std@@ABE?AV?$basic_string@GU?$char_traits@G@std@@V?$allocator@G@2@@2@AAV?$istreambuf_iterator@GU?$char_traits@G@std@@@2@0_NAAVios_base@2@@Z 0040ec4c f i libcp:wlocale.obj
 0001:0000e4ed       ?_Putmfld@?$money_put@GV?$ostreambuf_iterator@GU?$char_traits@G@std@@@std@@@std@@ABE?AV?$ostreambuf_iterator@GU?$char_traits@G@std@@@2@V32@_NAAVios_base@2@G1V?$basic_string@GU?$char_traits@G@std@@V?$allocator@G@2@@2@@Z 0040f4ed f i libcp:wlocale.obj
 0001:0000eabb       ??1?$basic_string@GU?$char_traits@G@std@@V?$allocator@G@2@@std@@QAE@XZ 0040fabb f i libcp:wlocale.obj
 0001:0000eac3       ?append@?$basic_string@GU?$char_traits@G@std@@V?$allocator@G@2@@std@@QAEAAV12@IG@Z 0040fac3 f i libcp:wlocale.obj
 0001:0000eb2c       ?resize@?$basic_string@GU?$char_traits@G@std@@V?$allocator@G@2@@std@@QAEXI@Z 0040fb2c f i libcp:wlocale.obj
 0001:0000eb52       ??0?$_Mpunct@G@std@@QAE@ABV_Locinfo@1@I_N@Z 0040fb52 f i libcp:wlocale.obj
 0001:0000eb92       ??1money_base@std@@UAE@XZ  0040fb92 f i libcp:wlocale.obj
 0001:0000eb99       ?_Init@?$time_get@GV?$istreambuf_iterator@GU?$char_traits@G@std@@@std@@@std@@IAEXABV_Locinfo@2@@Z 0040fb99 f i libcp:wlocale.obj
 0001:0000ebcc       ?_Getdays@_Locinfo@std@@QBEPBDXZ 0040fbcc f i libcp:wlocale.obj
 0001:0000ec12       ?_Getmonths@_Locinfo@std@@QBEPBDXZ 0040fc12 f i libcp:wlocale.obj
 0001:0000ec59       ?_Getint@?$time_get@GV?$istreambuf_iterator@GU?$char_traits@G@std@@@std@@@std@@CAHAAV?$istreambuf_iterator@GU?$char_traits@G@std@@@2@0HHAAH@Z 0040fc59 f i libcp:wlocale.obj
 0001:0000edae       ?_Inc@?$istreambuf_iterator@GU?$char_traits@G@std@@@std@@AAEXXZ 0040fdae f i libcp:wlocale.obj
 0001:0000edd1       ?sbumpc@?$basic_streambuf@GU?$char_traits@G@std@@@std@@QAEGXZ 0040fdd1 f i libcp:wlocale.obj
 0001:0000edf5       ?_Peek@?$istreambuf_iterator@GU?$char_traits@G@std@@@std@@AAEGXZ 0040fdf5 f i libcp:wlocale.obj
 0001:0000ee1c       ?sgetc@?$basic_streambuf@GU?$char_traits@G@std@@@std@@QAEGXZ 0040fe1c f i libcp:wlocale.obj
 0001:0000ee3b       ?grouping@?$numpunct@G@std@@QBE?AV?$basic_string@DU?$char_traits@D@std@@V?$allocator@D@2@@2@XZ 0040fe3b f i libcp:wlocale.obj
 0001:0000ee52       ?assign@?$basic_string@GU?$char_traits@G@std@@V?$allocator@G@2@@std@@QAEAAV12@ABV12@II@Z 0040fe52 f i libcp:wlocale.obj
 0001:0000ef30       ?assign@?$basic_string@GU?$char_traits@G@std@@V?$allocator@G@2@@std@@QAEAAV12@PBGI@Z 0040ff30 f i libcp:wlocale.obj
 0001:0000ef72       ?assign@?$basic_string@GU?$char_traits@G@std@@V?$allocator@G@2@@std@@QAEAAV12@IG@Z 0040ff72 f i libcp:wlocale.obj
 0001:0000efca       ?insert@?$basic_string@GU?$char_traits@G@std@@V?$allocator@G@2@@std@@QAEAAV12@IIG@Z 0040ffca f i libcp:wlocale.obj
 0001:0000f05f       _wmemmove                  0041005f f i libcp:wlocale.obj
 0001:0000f0a4       ?erase@?$basic_string@GU?$char_traits@G@std@@V?$allocator@G@2@@std@@QAEAAV12@II@Z 004100a4 f i libcp:wlocale.obj
 0001:0000f110       ?_Freeze@?$basic_string@GU?$char_traits@G@std@@V?$allocator@G@2@@std@@AAEXXZ 00410110 f i libcp:wlocale.obj
 0001:0000f13c       ?_Grow@?$basic_string@GU?$char_traits@G@std@@V?$allocator@G@2@@std@@AAE_NI_N@Z 0041013c f i libcp:wlocale.obj
 0001:0000f1c5       ?_Tidy@?$basic_string@GU?$char_traits@G@std@@V?$allocator@G@2@@std@@AAEX_N@Z 004101c5 f i libcp:wlocale.obj
 0001:0000f202       ?grouping@?$_Mpunct@G@std@@QBE?AV?$basic_string@DU?$char_traits@D@std@@V?$allocator@D@2@@2@XZ 00410202 f i libcp:wlocale.obj
 0001:0000f219       ?curr_symbol@?$_Mpunct@G@std@@QBE?AV?$basic_string@GU?$char_traits@G@std@@V?$allocator@G@2@@2@XZ 00410219 f i libcp:wlocale.obj
 0001:0000f230       ?positive_sign@?$_Mpunct@G@std@@QBE?AV?$basic_string@GU?$char_traits@G@std@@V?$allocator@G@2@@2@XZ 00410230 f i libcp:wlocale.obj
 0001:0000f247       ?negative_sign@?$_Mpunct@G@std@@QBE?AV?$basic_string@GU?$char_traits@G@std@@V?$allocator@G@2@@2@XZ 00410247 f i libcp:wlocale.obj
 0001:0000f25e       ?_Init@?$_Mpunct@G@std@@IAEXABV_Locinfo@2@@Z 0041025e f i libcp:wlocale.obj
 0001:0000f349       ?append@?$basic_string@GU?$char_traits@G@std@@V?$allocator@G@2@@std@@QAEAAV12@ABV12@II@Z 00410349 f i libcp:wlocale.obj
 0001:0000f3db       ?_Copy@?$basic_string@GU?$char_traits@G@std@@V?$allocator@G@2@@std@@AAEXI@Z 004103db f i libcp:wlocale.obj
 0001:0000f4ad       ?_Split@?$basic_string@GU?$char_traits@G@std@@V?$allocator@G@2@@std@@AAEXXZ 004104ad f i libcp:wlocale.obj
 0001:0000f4dd       ?_Makpat@?$_Mpunct@G@std@@AAEXAAUpattern@money_base@2@DDD@Z 004104dd f i libcp:wlocale.obj
 0001:0000f53e       ?use_facet@std@@YAABV?$ctype@G@1@ABVlocale@1@PBV21@_N@Z 0041053e f i libcp:wlocale.obj
 0001:0000f5f5       ?use_facet@std@@YAABV?$num_get@GV?$istreambuf_iterator@GU?$char_traits@G@std@@@std@@@1@ABVlocale@1@PBV21@_N@Z 004105f5 f i libcp:wlocale.obj
 0001:0000f6c6       ?use_facet@std@@YAABV?$num_put@GV?$ostreambuf_iterator@GU?$char_traits@G@std@@@std@@@1@ABVlocale@1@PBV21@_N@Z 004106c6 f i libcp:wlocale.obj
 0001:0000f797       ?use_facet@std@@YAABV?$numpunct@G@1@ABVlocale@1@PBV21@_N@Z 00410797 f i libcp:wlocale.obj
 0001:0000f84e       ?use_facet@std@@YAABV?$collate@G@1@ABVlocale@1@PBV21@_N@Z 0041084e f i libcp:wlocale.obj
 0001:0000f905       ?use_facet@std@@YAABV?$messages@G@1@ABVlocale@1@PBV21@_N@Z 00410905 f i libcp:wlocale.obj
 0001:0000f9bc       ?use_facet@std@@YAABV?$money_get@GV?$istreambuf_iterator@GU?$char_traits@G@std@@@std@@@1@ABVlocale@1@PBV21@_N@Z 004109bc f i libcp:wlocale.obj
 0001:0000fa8d       ?use_facet@std@@YAABV?$money_put@GV?$ostreambuf_iterator@GU?$char_traits@G@std@@@std@@@1@ABVlocale@1@PBV21@_N@Z 00410a8d f i libcp:wlocale.obj
 0001:0000fb5e       ?use_facet@std@@YAABV?$moneypunct@G$0A@@1@ABVlocale@1@PBV21@_N@Z 00410b5e f i libcp:wlocale.obj
 0001:0000fc21       ?use_facet@std@@YAABV?$moneypunct@G$00@1@ABVlocale@1@PBV21@_N@Z 00410c21 f i libcp:wlocale.obj
 0001:0000fce4       ?use_facet@std@@YAABV?$time_get@GV?$istreambuf_iterator@GU?$char_traits@G@std@@@std@@@1@ABVlocale@1@PBV21@_N@Z 00410ce4 f i libcp:wlocale.obj
 0001:0000fd9b       ?use_facet@std@@YAABV?$time_put@GV?$ostreambuf_iterator@GU?$char_traits@G@std@@@std@@@1@ABVlocale@1@PBV21@_N@Z 00410d9b f i libcp:wlocale.obj
 0001:0000fe52       ?use_facet@std@@YAABV?$codecvt@GDH@1@ABVlocale@1@PBV21@_N@Z 00410e52 f i libcp:wlocale.obj
 0001:0000ff09       ??0?$codecvt@GDH@std@@QAE@I@Z 00410f09 f i libcp:wlocale.obj
 0001:0000ff5d       ?_Getloctxt@std@@YAHAAV?$istreambuf_iterator@GU?$char_traits@G@std@@@1@0IPBG@Z 00410f5d f i libcp:wlocale.obj
 0001:00010129       ?_Maklocstr@std@@YAPAGPBDPAG@Z 00411129 f i libcp:wlocale.obj
 0001:00010167       ??0?$ctype@G@std@@QAE@I@Z  00411167 f i libcp:wlocale.obj
 0001:000101c7       ??0?$time_put@GV?$ostreambuf_iterator@GU?$char_traits@G@std@@@std@@@std@@QAE@I@Z 004111c7 f i libcp:wlocale.obj
 0001:00010234       ?equal@?$istreambuf_iterator@GU?$char_traits@G@std@@@std@@QBE_NABV12@@Z 00411234 f i libcp:wlocale.obj
 0001:00010273       ??0?$numpunct@G@std@@QAE@I@Z 00411273 f i libcp:wlocale.obj
 0001:000102cc       ??0?$collate@G@std@@QAE@I@Z 004112cc f i libcp:wlocale.obj
 0001:00010320       ??0?$messages@G@std@@QAE@I@Z 00411320 f i libcp:wlocale.obj
 0001:00010392       ??0?$time_get@GV?$istreambuf_iterator@GU?$char_traits@G@std@@@std@@@std@@QAE@I@Z 00411392 f i libcp:wlocale.obj
 0001:000103eb       ?_Save@?$_Tidyfac@V?$ctype@G@std@@@std@@SAPAV?$ctype@G@2@PAV32@@Z 004113eb f i libcp:wlocale.obj
 0001:00010411       ?_Save@?$_Tidyfac@V?$num_get@GV?$istreambuf_iterator@GU?$char_traits@G@std@@@std@@@std@@@std@@SAPAV?$num_get@GV?$istreambuf_iterator@GU?$char_traits@G@std@@@std@@@2@PAV32@@Z 00411411 f i libcp:wlocale.obj
 0001:00010437       ?_Save@?$_Tidyfac@V?$num_put@GV?$ostreambuf_iterator@GU?$char_traits@G@std@@@std@@@std@@@std@@SAPAV?$num_put@GV?$ostreambuf_iterator@GU?$char_traits@G@std@@@std@@@2@PAV32@@Z 00411437 f i libcp:wlocale.obj
 0001:0001045d       ?_Save@?$_Tidyfac@V?$numpunct@G@std@@@std@@SAPAV?$numpunct@G@2@PAV32@@Z 0041145d f i libcp:wlocale.obj
 0001:00010483       ?_Save@?$_Tidyfac@V?$collate@G@std@@@std@@SAPAV?$collate@G@2@PAV32@@Z 00411483 f i libcp:wlocale.obj
 0001:000104a9       ?_Save@?$_Tidyfac@V?$messages@G@std@@@std@@SAPAV?$messages@G@2@PAV32@@Z 004114a9 f i libcp:wlocale.obj
 0001:000104cf       ?_Save@?$_Tidyfac@V?$money_get@GV?$istreambuf_iterator@GU?$char_traits@G@std@@@std@@@std@@@std@@SAPAV?$money_get@GV?$istreambuf_iterator@GU?$char_traits@G@std@@@std@@@2@PAV32@@Z 004114cf f i libcp:wlocale.obj
 0001:000104f5       ?_Save@?$_Tidyfac@V?$money_put@GV?$ostreambuf_iterator@GU?$char_traits@G@std@@@std@@@std@@@std@@SAPAV?$money_put@GV?$ostreambuf_iterator@GU?$char_traits@G@std@@@std@@@2@PAV32@@Z 004114f5 f i libcp:wlocale.obj
 0001:0001051b       ?_Save@?$_Tidyfac@V?$moneypunct@G$0A@@std@@@std@@SAPAV?$moneypunct@G$0A@@2@PAV32@@Z 0041151b f i libcp:wlocale.obj
 0001:00010541       ?_Save@?$_Tidyfac@V?$moneypunct@G$00@std@@@std@@SAPAV?$moneypunct@G$00@2@PAV32@@Z 00411541 f i libcp:wlocale.obj
 0001:00010567       ?_Save@?$_Tidyfac@V?$time_get@GV?$istreambuf_iterator@GU?$char_traits@G@std@@@std@@@std@@@std@@SAPAV?$time_get@GV?$istreambuf_iterator@GU?$char_traits@G@std@@@std@@@2@PAV32@@Z 00411567 f i libcp:wlocale.obj
 0001:0001058d       ?_Save@?$_Tidyfac@V?$time_put@GV?$ostreambuf_iterator@GU?$char_traits@G@std@@@std@@@std@@@std@@SAPAV?$time_put@GV?$ostreambuf_iterator@GU?$char_traits@G@std@@@std@@@2@PAV32@@Z 0041158d f i libcp:wlocale.obj
 0001:000105b3       ?_Save@?$_Tidyfac@V?$codecvt@GDH@std@@@std@@SAPAV?$codecvt@GDH@2@PAV32@@Z 004115b3 f i libcp:wlocale.obj
 0001:000105d9       ??0?$_Mpunct@G@std@@QAE@I_N@Z 004115d9 f i libcp:wlocale.obj
 0001:00010638       ?_Tidy@?$_Tidyfac@V?$ctype@G@std@@@std@@SAXXZ 00411638 f i libcp:wlocale.obj
 0001:00010683       ?_Tidy@?$_Tidyfac@V?$num_get@GV?$istreambuf_iterator@GU?$char_traits@G@std@@@std@@@std@@@std@@SAXXZ 00411683 f i libcp:wlocale.obj
 0001:000106ce       ?_Tidy@?$_Tidyfac@V?$num_put@GV?$ostreambuf_iterator@GU?$char_traits@G@std@@@std@@@std@@@std@@SAXXZ 004116ce f i libcp:wlocale.obj
 0001:00010719       ?_Tidy@?$_Tidyfac@V?$numpunct@G@std@@@std@@SAXXZ 00411719 f i libcp:wlocale.obj
 0001:00010764       ?_Tidy@?$_Tidyfac@V?$collate@G@std@@@std@@SAXXZ 00411764 f i libcp:wlocale.obj
 0001:000107af       ?_Tidy@?$_Tidyfac@V?$messages@G@std@@@std@@SAXXZ 004117af f i libcp:wlocale.obj
 0001:000107fa       ?_Tidy@?$_Tidyfac@V?$money_get@GV?$istreambuf_iterator@GU?$char_traits@G@std@@@std@@@std@@@std@@SAXXZ 004117fa f i libcp:wlocale.obj
 0001:00010845       ?_Tidy@?$_Tidyfac@V?$money_put@GV?$ostreambuf_iterator@GU?$char_traits@G@std@@@std@@@std@@@std@@SAXXZ 00411845 f i libcp:wlocale.obj
 0001:00010890       ?_Tidy@?$_Tidyfac@V?$moneypunct@G$0A@@std@@@std@@SAXXZ 00411890 f i libcp:wlocale.obj
 0001:000108db       ?_Tidy@?$_Tidyfac@V?$moneypunct@G$00@std@@@std@@SAXXZ 004118db f i libcp:wlocale.obj
 0001:00010926       ?_Tidy@?$_Tidyfac@V?$time_get@GV?$istreambuf_iterator@GU?$char_traits@G@std@@@std@@@std@@@std@@SAXXZ 00411926 f i libcp:wlocale.obj
 0001:00010971       ?_Tidy@?$_Tidyfac@V?$time_put@GV?$ostreambuf_iterator@GU?$char_traits@G@std@@@std@@@std@@@std@@SAXXZ 00411971 f i libcp:wlocale.obj
 0001:000109bc       ?_Tidy@?$_Tidyfac@V?$codecvt@GDH@std@@@std@@SAXXZ 004119bc f i libcp:wlocale.obj
 0001:00010a28       ?_Makexloc@_Locimp@locale@std@@CAXABV_Locinfo@3@HPAV123@PBV23@@Z 00411a28 f   libcp:xlocale.obj
 0001:00010ea4       ?do_compare@?$collate@D@std@@MBEHPBD000@Z 00411ea4 f i libcp:xlocale.obj
 0001:00010ee2       ?do_transform@?$collate@D@std@@MBE?AV?$basic_string@DU?$char_traits@D@std@@V?$allocator@D@2@@2@PBD0@Z 00411ee2 f i libcp:xlocale.obj
 0001:00010fb1       ?do_hash@?$collate@D@std@@MBEJPBD0@Z 00411fb1 f i libcp:xlocale.obj
 0001:00010fd2       ?do_open@?$messages@D@std@@MBEHABV?$basic_string@DU?$char_traits@D@std@@V?$allocator@D@2@@2@ABVlocale@2@@Z 00411fd2 f i libcp:xlocale.obj
 0001:00010fd7       ?do_get@?$messages@D@std@@MBE?AV?$basic_string@DU?$char_traits@D@std@@V?$allocator@D@2@@2@HHHABV32@@Z 00411fd7 f i libcp:xlocale.obj
 0001:00011048       ?do_close@?$messages@D@std@@MBEXH@Z 00412048 f i libcp:xlocale.obj
 0001:0001104b       ?do_get@?$money_get@DV?$istreambuf_iterator@DU?$char_traits@D@std@@@std@@@std@@MBE?AV?$istreambuf_iterator@DU?$char_traits@D@std@@@2@V32@0_NAAVios_base@2@AAHAAO@Z 0041204b f i libcp:xlocale.obj
 0001:00011177       ?do_get@?$money_get@DV?$istreambuf_iterator@DU?$char_traits@D@std@@@std@@@std@@MBE?AV?$istreambuf_iterator@DU?$char_traits@D@std@@@2@V32@0_NAAVios_base@2@AAHAAV?$basic_string@DU?$char_traits@D@std@@V?$allocator@D@2@@2@@Z 00412177 f i libcp:xlocale.obj
 0001:00011201       ?do_put@?$money_put@DV?$ostreambuf_iterator@DU?$char_traits@D@std@@@std@@@std@@MBE?AV?$ostreambuf_iterator@DU?$char_traits@D@std@@@2@V32@_NAAVios_base@2@DO@Z 00412201 f i libcp:xlocale.obj
 0001:0001132b       ?do_put@?$money_put@DV?$ostreambuf_iterator@DU?$char_traits@D@std@@@std@@@std@@MBE?AV?$ostreambuf_iterator@DU?$char_traits@D@std@@@2@V32@_NAAVios_base@2@DABV?$basic_string@DU?$char_traits@D@std@@V?$allocator@D@2@@2@@Z 0041232b f i libcp:xlocale.obj
 0001:00011443       ?do_decimal_point@?$_Mpunct@D@std@@MBEDXZ 00412443 f i libcp:xlocale.obj
 0001:00011447       ?do_thousands_sep@?$_Mpunct@D@std@@MBEDXZ 00412447 f i libcp:xlocale.obj
 0001:0001144b       ?do_grouping@?$_Mpunct@D@std@@MBE?AV?$basic_string@DU?$char_traits@D@std@@V?$allocator@D@2@@2@XZ 0041244b f i libcp:xlocale.obj
 0001:00011481       ?do_curr_symbol@?$_Mpunct@D@std@@MBE?AV?$basic_string@DU?$char_traits@D@std@@V?$allocator@D@2@@2@XZ 00412481 f i libcp:xlocale.obj
 0001:000114b7       ?do_positive_sign@?$_Mpunct@D@std@@MBE?AV?$basic_string@DU?$char_traits@D@std@@V?$allocator@D@2@@2@XZ 004124b7 f i libcp:xlocale.obj
 0001:000114ed       ?do_negative_sign@?$_Mpunct@D@std@@MBE?AV?$basic_string@DU?$char_traits@D@std@@V?$allocator@D@2@@2@XZ 004124ed f i libcp:xlocale.obj
 0001:00011523       ?do_frac_digits@?$_Mpunct@D@std@@MBEHXZ 00412523 f i libcp:xlocale.obj
 0001:00011527       ?do_pos_format@?$_Mpunct@D@std@@MBE?AUpattern@money_base@2@XZ 00412527 f i libcp:xlocale.obj
 0001:00011533       ?do_neg_format@?$_Mpunct@D@std@@MBE?AUpattern@money_base@2@XZ 00412533 f i libcp:xlocale.obj
 0001:0001153f       ?do_date_order@?$time_get@DV?$istreambuf_iterator@DU?$char_traits@D@std@@@std@@@std@@MBEHXZ 0041253f f i libcp:xlocale.obj
 0001:00011543       ?do_get_time@?$time_get@DV?$istreambuf_iterator@DU?$char_traits@D@std@@@std@@@std@@MBE?AV?$istreambuf_iterator@DU?$char_traits@D@std@@@2@V32@0AAVios_base@2@AAHPAUtm@@@Z 00412543 f i libcp:xlocale.obj
 0001:000115f4       ?do_get_date@?$time_get@DV?$istreambuf_iterator@DU?$char_traits@D@std@@@std@@@std@@MBE?AV?$istreambuf_iterator@DU?$char_traits@D@std@@@2@V32@0AAVios_base@2@AAHPAUtm@@@Z 004125f4 f i libcp:xlocale.obj
 0001:00011709       ?do_get_weekday@?$time_get@DV?$istreambuf_iterator@DU?$char_traits@D@std@@@std@@@std@@MBE?AV?$istreambuf_iterator@DU?$char_traits@D@std@@@2@V32@0AAVios_base@2@AAHPAUtm@@@Z 00412709 f i libcp:xlocale.obj
 0001:00011747       ?do_get_monthname@?$time_get@DV?$istreambuf_iterator@DU?$char_traits@D@std@@@std@@@std@@MBE?AV?$istreambuf_iterator@DU?$char_traits@D@std@@@2@V32@0AAVios_base@2@AAHPAUtm@@@Z 00412747 f i libcp:xlocale.obj
 0001:00011785       ?do_get_year@?$time_get@DV?$istreambuf_iterator@DU?$char_traits@D@std@@@std@@@std@@MBE?AV?$istreambuf_iterator@DU?$char_traits@D@std@@@2@V32@0AAVios_base@2@AAHPAUtm@@@Z 00412785 f i libcp:xlocale.obj
 0001:000117eb       ?do_put@?$time_put@DV?$ostreambuf_iterator@DU?$char_traits@D@std@@@std@@@std@@MBE?AV?$ostreambuf_iterator@DU?$char_traits@D@std@@@2@V32@AAVios_base@2@PBUtm@@DD@Z 004127eb f i libcp:xlocale.obj
 0001:000118c4       ??_E?$collate@D@std@@UAEPAXI@Z 004128c4 f i libcp:xlocale.obj
 0001:000118c4       ??_G?$collate@D@std@@UAEPAXI@Z 004128c4 f i libcp:xlocale.obj
 0001:000118e0       ??1?$collate@D@std@@UAE@XZ 004128e0 f i libcp:xlocale.obj
 0001:000118e7       ??_G?$messages@D@std@@UAEPAXI@Z 004128e7 f i libcp:xlocale.obj
 0001:000118e7       ??_E?$messages@D@std@@UAEPAXI@Z 004128e7 f i libcp:xlocale.obj
 0001:00011903       ??1?$messages@D@std@@UAE@XZ 00412903 f i libcp:xlocale.obj
 0001:00011926       ??_G?$money_get@DV?$istreambuf_iterator@DU?$char_traits@D@std@@@std@@@std@@UAEPAXI@Z 00412926 f i libcp:xlocale.obj
 0001:00011926       ??_E?$money_get@DV?$istreambuf_iterator@DU?$char_traits@D@std@@@std@@@std@@UAEPAXI@Z 00412926 f i libcp:xlocale.obj
 0001:00011942       ??1?$money_get@DV?$istreambuf_iterator@DU?$char_traits@D@std@@@std@@@std@@UAE@XZ 00412942 f i libcp:xlocale.obj
 0001:00011949       ??_E?$money_put@DV?$ostreambuf_iterator@DU?$char_traits@D@std@@@std@@@std@@UAEPAXI@Z 00412949 f i libcp:xlocale.obj
 0001:00011949       ??_G?$money_put@DV?$ostreambuf_iterator@DU?$char_traits@D@std@@@std@@@std@@UAEPAXI@Z 00412949 f i libcp:xlocale.obj
 0001:00011965       ??1?$money_put@DV?$ostreambuf_iterator@DU?$char_traits@D@std@@@std@@@std@@UAE@XZ 00412965 f i libcp:xlocale.obj
 0001:0001196c       ??_E?$moneypunct@D$0A@@std@@UAEPAXI@Z 0041296c f i libcp:xlocale.obj
 0001:0001196c       ??_G?$moneypunct@D$0A@@std@@UAEPAXI@Z 0041296c f i libcp:xlocale.obj
 0001:00011988       ??_G?$moneypunct@D$00@std@@UAEPAXI@Z 00412988 f i libcp:xlocale.obj
 0001:00011988       ??_E?$moneypunct@D$00@std@@UAEPAXI@Z 00412988 f i libcp:xlocale.obj
 0001:000119a4       ??_G?$time_get@DV?$istreambuf_iterator@DU?$char_traits@D@std@@@std@@@std@@UAEPAXI@Z 004129a4 f i libcp:xlocale.obj
 0001:000119a4       ??_E?$time_get@DV?$istreambuf_iterator@DU?$char_traits@D@std@@@std@@@std@@UAEPAXI@Z 004129a4 f i libcp:xlocale.obj
 0001:000119c0       ??1?$time_get@DV?$istreambuf_iterator@DU?$char_traits@D@std@@@std@@@std@@UAE@XZ 004129c0 f i libcp:xlocale.obj
 0001:000119e3       ??_G?$time_put@DV?$ostreambuf_iterator@DU?$char_traits@D@std@@@std@@@std@@UAEPAXI@Z 004129e3 f i libcp:xlocale.obj
 0001:000119e3       ??_E?$time_put@DV?$ostreambuf_iterator@DU?$char_traits@D@std@@@std@@@std@@UAEPAXI@Z 004129e3 f i libcp:xlocale.obj
 0001:000119ff       ??1?$time_put@DV?$ostreambuf_iterator@DU?$char_traits@D@std@@@std@@@std@@UAE@XZ 004129ff f i libcp:xlocale.obj
 0001:00011a19       ??1?$moneypunct@D$0A@@std@@UAE@XZ 00412a19 f i libcp:xlocale.obj
 0001:00011a1e       ??1?$_Mpunct@D@std@@UAE@XZ 00412a1e f i libcp:xlocale.obj
 0001:00011a52       ??_G?$_Mpunct@D@std@@UAEPAXI@Z 00412a52 f i libcp:xlocale.obj
 0001:00011a52       ??_E?$_Mpunct@D@std@@UAEPAXI@Z 00412a52 f i libcp:xlocale.obj
 0001:00011a6e       ??1?$moneypunct@D$00@std@@UAE@XZ 00412a6e f i libcp:xlocale.obj
[...]
 0001:0001521c       UnwindDown6                0041621c f   LIBC:memcpy.obj
 0001:00015224       UnwindDown5                00416224 f   LIBC:memcpy.obj
 0001:0001522c       UnwindDown4                0041622c f   LIBC:memcpy.obj
 0001:00015234       UnwindDown3                00416234 f   LIBC:memcpy.obj
 0001:0001523c       UnwindDown2                0041623c f   LIBC:memcpy.obj
 0001:00015244       UnwindDown1                00416244 f   LIBC:memcpy.obj
 0001:00015257       UnwindDown0                00416257 f   LIBC:memcpy.obj
 0001:00015270       TrailDown0                 00416270 f   LIBC:memcpy.obj
 0001:00015278       TrailDown1                 00416278 f   LIBC:memcpy.obj
 0001:00015288       TrailDown2                 00416288 f   LIBC:memcpy.obj
 0001:0001529c       TrailDown3                 0041629c f   LIBC:memcpy.obj
 0001:00014eb2       _fast_error_exit           00415eb2 f   LIBC:wincrt0.obj
 0001:00014b5f       _flsall                    00415b5f f   LIBC:fflush.obj
 0001:00014600       LeadUp1                    00415600 f   LIBC:memmove.obj
 0001:0001462c       LeadUp2                    0041562c f   LIBC:memmove.obj
 0001:00014650       LeadUp3                    00415650 f   LIBC:memmove.obj
 0001:000146cf       UnwindUp0                  004156cf f   LIBC:memmove.obj
 0001:000146bc       UnwindUp1                  004156bc f   LIBC:memmove.obj
 0001:000146b4       UnwindUp2                  004156b4 f   LIBC:memmove.obj
 0001:000146ac       UnwindUp3                  004156ac f   LIBC:memmove.obj
 0001:000146a4       UnwindUp4                  004156a4 f   LIBC:memmove.obj
 0001:0001469c       UnwindUp5                  0041569c f   LIBC:memmove.obj
 0001:00014694       UnwindUp6                  00415694 f   LIBC:memmove.obj
 0001:0001468c       UnwindUp7                  0041568c f   LIBC:memmove.obj
 0001:000146e8       TrailUp0                   004156e8 f   LIBC:memmove.obj
 0001:000146f0       TrailUp1                   004156f0 f   LIBC:memmove.obj
 0001:000146fc       TrailUp2                   004156fc f   LIBC:memmove.obj
 0001:00014710       TrailUp3                   00415710 f   LIBC:memmove.obj
 0001:00014788       LeadDown1                  00415788 f   LIBC:memmove.obj
 0001:000147a8       LeadDown2                  004157a8 f   LIBC:memmove.obj
 0001:000147d0       LeadDown3                  004157d0 f   LIBC:memmove.obj
 0001:00014824       UnwindDown7                00415824 f   LIBC:memmove.obj
 0001:0001482c       UnwindDown6                0041582c f   LIBC:memmove.obj
 0001:00014834       UnwindDown5                00415834 f   LIBC:memmove.obj
 0001:0001483c       UnwindDown4                0041583c f   LIBC:memmove.obj
 0001:00014844       UnwindDown3                00415844 f   LIBC:memmove.obj
 0001:0001484c       UnwindDown2                0041584c f   LIBC:memmove.obj
 0001:00014854       UnwindDown1                00415854 f   LIBC:memmove.obj
 0001:00014867       UnwindDown0                00415867 f   LIBC:memmove.obj
 0001:00014880       TrailDown0                 00415880 f   LIBC:memmove.obj
 0001:00014888       TrailDown1                 00415888 f   LIBC:memmove.obj
 0001:00014898       TrailDown2                 00415898 f   LIBC:memmove.obj
 0001:000148ac       TrailDown3                 004158ac f   LIBC:memmove.obj
 0001:000142c8       _gu_return                 004152c8 f   LIBC:exsup.obj
 0001:000142d0       __unwind_handler           004152d0 f   LIBC:exsup.obj
 0001:000140e7       ?CatchGuardHandler@@YA?AW4_EXCEPTION_DISPOSITION@@PAUEHExceptionRecord@@PAUCatchGuardRN@@PAX2@Z 004150e7 f   LIBC:trnsctrl.obj
 0001:000141c0       ?TranslatorGuardHandler@@YA?AW4_EXCEPTION_DISPOSITION@@PAUEHExceptionRecord@@PAUTranslatorGuardRN@@PAX2@Z 004151c0 f   LIBC:trnsctrl.obj

FIXUPS: 14f4c fffffd6f 1e 20 c 29 17 26 fffffeb6 5 a ffffff4a 1f f 3c 13
FIXUPS: 14c08 803 8 8 19 ffffff94 1d fffffedf fffffd54 4d 24 4b 2f 103
FIXUPS: 1521d 3c 48 fffffd03 fffffdfa 14 1b 25 14 10 d 10 b 3d 3b 14 60
FIXUPS: 14f31 14 ccc 11 30 7 12 1f b 1a fffffe1b 9 18 3c 32 34 1b fffffeaf
FIXUPS: 15a5d 2b ffffff8e ffffff8f d 30 ffffff7b ffffffb3 ffffffc9 b fffffc89
FIXUPS: 1557d ffffff28 1e 26 23 dcd 18 16 10 1c 31 10 fffffa7e c 9 10 a
FIXUPS: 15e26 5 12 24 9 11 e e 9 1c 9 fffffe0c a d 18 1b 1c fffffeaa d
FIXUPS: 15c0a 12f8 2b 1c 24 fffff8eb 17 13 ffffff84 c 17 13 ffffff0c 37
FIXUPS: 16790 18 32 e fffffe4e 3d fffffed9 3e 2c 3e 12 fffffde8 19 12 58
FIXUPS: 1647f ffffff24 1d ffffff07 812 13 26 d 16 30 17 7 41 17 1a 35 23
FIXUPS: 16c73 28 1a d 1e 24 6a 12 13 1e 24 11 17 18 c 29 1e 26 18 1ce 1e
FIXUPS: 1709f 1c 6 b 3e 9 3b 4d 27 12 1d c 36 c 34 44 fffffcc9 13 14 25
FIXUPS: 16ffe fffff96e 53 3c e 20 21 17 22 34 f5d 16 6 16 6 2b 90 165 14c
FIXUPS: 17e4e 68 5c 4f 1a7 16 1a5 fffff250 f 11 11 f f 73 11 fffffcf0 30
FIXUPS: 173c3 2b 1c eb fffffb43 15 721 f 6 3a 9 1b 1d 6 e 6 3c c 2c c 1f
FIXUPS: 178c4 11 f f f 24 2a 6 15 6 3a 6 15 6 26 6 16 1284 9 1f 27 45 12
FIXUPS: 18d5c 23 2e 16 13 19 b fffffbcb ffffff96 ffffffa9 25 fffffd9d 17
FIXUPS: 187ec 6f fffffd6a 24 8 ffffffa6 fffffdd4 7c b4 fffff291 9 17 1c
FIXUPS: 18f5f 32 b 32 b f 102 110 ca 1a 22 107 8c 17 1d 40 9 d 14 8 fffff49a
FIXUPS: 189ee ae 1b 3d 13 26 41 a4 1d 20 16 1adf fffff76c 6a 13 29 fffffdc4
FIXUPS: 19d78 7 fffffead fffffc24 12 1d 5 55 3c 7 2f b2 15 fffffc1e 109
FIXUPS: 1974f fffff6e1 1c 43 1c 1c 26 b 31 b f 13e0 45 1f 17 11 21 e 7d
FIXUPS: 1a487 14 4a 7 93 12 1c 1e 12 16 30 12 15 9 a e e 18 c e c 7 1f
FIXUPS: 1a720 9cc 32 37 fffff785 b 29 38 1b fffffead 10 56 ffffff1b 22
FIXUPS: 19f83 23 58 2f 4b b 1e 32 49 42 1f 28 a 2a 1e 51 3a 78 1b f49 ffffff6c
FIXUPS: 1b1e1 9 c 1e 12 fffff84d 3f 99 19 68 89 d 2e 25 d9 bf 3b 18 c 15
FIXUPS: 1aec9 77 12 96 16 1c 27 17 1e 18 dfd fffffed7 19 14 14 12 f e 9
FIXUPS: 1bdf2 ffffff14 22 fffffe58 ffffffb3 f fffffe2c ffffff76 f 32 fffffe5c
FIXUPS: 1b843 32 fffffe7f 3e fffffe2f e1 3a fffffe8b ffffff4e 16 fffffe64
FIXUPS: 1b3d6 13f1 d 11 12 16 19 fffffe11 d 11 2f 25 fffffce7 8b 56 e 24
FIXUPS: 1c4be 32 14 d fffffc88 e 82 11c fffffdb2 23 44 13 fffffcaf 35 f
FIXUPS: 1be74 ec4 2a 385 106 f 78b 44f 157 b2 51 4f b6 80 ffffe984 16 fffffe90
FIXUPS: 1c9ea 2d 37 23 fffffed4 19 ffffff52 21 2b 12 fffffdc3 16 8a 15
FIXUPS: 1c799 1a 23ac 8 b 8 8 8 8 8 8 8 8 8 8 8 8 8 8 8 e b b b b b b b
FIXUPS: 1ec50 b b fffffa61 ffffff91 ffffe6cb 1c5d 11 11 14 11 11 11 17
FIXUPS: 1ea14 14 14 17 14 14 14 17 14 17 1f 8 8 8 8 8 7 8 8 8 8 8 8 8 fffffbce
FIXUPS: 1e730 6 15 b 1f b 48 11 11 11 14 11 e 11 14 11 11 11 14 11 11 11
FIXUPS: 1e8e1 11 11 11 14 11 11 11 14 689 10 10 10 13 10 10 59 8 8 8 8
FIXUPS: 1f0dc 8 fffffbb1 10 10 d 13 b b 31 d d 50 b b 19 25 7 25 fffff90c
FIXUPS: 1f126 16 b d 9 a8 31 70 18 11 8 10 8 21 b fffffb6f 13 b 6 34 b
FIXUPS: 1ef2a b 35 10 10 10 13 a e 10 10 640 41 30 18 36 3f 3a 46 3f 1f
FIXUPS: 1f81b 64 2a 30 e 3a 27 33 41 34 e 36 3b 41 c 61 11 34 50 18 d 11c
FIXUPS: 205f5 24 ffffff56 10 fffffebe a fffffa29 2f 11a 15 6 7 17 e 1e
FIXUPS: 2004c 2b 42 ba 4f 2f 15 fffffbd7 63 fffff688 41 24 29 7 f 7 18
FIXUPS: 209b4 5c f 151 12 16 c 1d 18 a c e 17 10 24 54 16 47 53 c 22 c
FIXUPS: 20da7 c fffffaf1 5d fffffd74 14 14 17 20 11 1bd5 7 9 fffffb45 1a
FIXUPS: 21e47 20 f 4e 16 16 23 a6 eb 1c 52 1c 2a e 21 6b fffffb48 45 10
FIXUPS: 21da5 c fffff19f fffffef4 1c ffffffbe 9 fffffb76 2925 11 e fffffcbe
FIXUPS: 22a6e 10c 3a 31 5 151 24 28 ba fffffb1b 11 11 14 14 14 14 11 11
FIXUPS: 22a01 1d fffffec5 3b fffffe4c e5 fffffc50 1a7 1d 25 1284 45 2a
FIXUPS: 2382e a fffffdef 86 1b 34 3d 10 54 fffffd73 10 5c 6a fffffd52 22
FIXUPS: 23369 1c f 15 11 e 1e 23 fffffc3f 181 59 23 3e 29 fd8 1d 26 9 d
FIXUPS: 242e6 fffffc82 14 18 18 96 6 a 6 1b 4b fffffab7 71 61 ec 4a 78
FIXUPS: 23e6b aa e fffffaa9 1c f 15 fffffe69 41 37 1357 ffffff98 ffffff35
FIXUPS: 249f8 fffffe18 38 18 28 b 1f 2f 11 6 38 fffffc67 158 2b fffffc65
FIXUPS: 2439d 2e 48 1b 3e 3e 4e 2e 13 a fffffc77 1d 4e 19 fffe22f5 24 1e
FIXUPS: 658a a c 1ec97 7 d ffffff81 fffffdbc 2b 1c 1b 1b 21 1c 1f 28 28
FIXUPS: 250b9 11 24 25 6c 10 12 fffffbb6 47 41 10c fffffd35 fffe1638 1f3dd
FIXUPS: 25640 fffe0c33 44 1f3a2 b fffe0ca9 f 4d 1f314 b fffe0cfc 44 1f2d9
FIXUPS: 256ac fffe0d37 f 11 f 16 1f28f 8 b a fffe0d7b d 21 13 17 55 f fffffb04
FIXUPS: 601b 5 5 e b c 5 5 e b c a 45 1b 20 24 2f 23 3f 1f3f5 10 10 10
FIXUPS: 255ed 10 10 d fffe0bd0 a a b 11bd b c 76 15 a c ffffea93 5 c b
FIXUPS: 5f39 5 5 c b c 5 5 e b c 15 5 5 e b c 15 5 5 c fe8 2b 8 11 10 10
FIXUPS: 70a5 e 29 13 7f 15 13 20 6a 1e 17 d f d 12 d f d f d 1c c 17 e
FIXUPS: 738f f 1e455 b a fffe133d 32 62 87 b9 20 10 6 9 e 1eaaa b a fffe158a
FIXUPS: 6dd6 1f b a 10 4a 23 10 f 43 2d 22 d 17 6c 1e749 10 10 10 d fffe118f
FIXUPS: 68e7 a b 4f 1ee1e b fffe11f2 44 1ede3 b fffe1268 10 a 4d 1ed4a
FIXUPS: 257bc fffe12c6 44 1ed0f b fffe1301 f 11 f 16 1ecc5 fffe0e9d e b
FIXUPS: 66ad 15 5 5 e b c 15 5 5 e b c 5 5 e b c a 45 1b 1f 20 27 36 42
FIXUPS: 256e1 10 10 fffe22fd 23 e f 1a fffffa31 fffff11f 5 a a c 5 5 a
FIXUPS: 65eb c 5 5 c b c 5 5 c b c 5 5 c b c 5 1094 33 10 13 15 1b 15 11
FIXUPS: 77ec 9 1c 1e083 a fffe1f8e 29 d 31 8 1e010 a fffe1ffb d 33 20 b
FIXUPS: 7926 f 15 36 23 1df1d a fffe1c67 1a 17 10 1e2d2 a fffe1d59 e a
FIXUPS: 75da b 1e273 a fffe1d98 d 11 12 18 10 1e21a a fffe1dff 1b b 1e1e5
FIXUPS: 2588a fffe1e2d e 8 d 13 1e 770 d 11 54 f 1da54 b 8 a fffe25c2 18
FIXUPS: 7f75 35 15 a c fffffadd 16 d 1f 15 a c fffff976 22 2b 6 b f 15
FIXUPS: 25830 a fffe23f4 f 10 11 c 16 e 18 1dc42 8 8 a fffe23df 10 12 19
FIXUPS: 7d31 19 1f b 1db98 8 c fffe249c 1db6c a fffe24d2 3a b a 1dae9 a
FIXUPS: 8237 10 15 1d780 a fffe2881 1b b 1d763 a fffe28af e 8 d 13 21 15
FIXUPS: 831f c fffff7fb 5 b c 5 10 a 7 15 1dd57 c fffe231d 20 44f 10 1d910
FIXUPS: 25996 fffe271b e a 1b b 1d8b1 a fffe275a d 11 12 18 10 1d858 a
FIXUPS: 817f 1b b 1d823 a fffe27ef e 8 d 13 16 14 b 1dbc0 a fffe548a 26
FIXUPS: b2cc 26 f 1aaff a fffe5542 1aac8 a fffe5579 1aa91 a fffe55b0 1aa5a
FIXUPS: 25e46 fffe55f2 15 a c ffffcb7e 14 b b 10 15 1d948 a fffe26b9 1a
FIXUPS: af67 15 e 25 15 1adf0 8 c fffe5206 33 c 4b 24 31 10 2f 2e 2f f
FIXUPS: b16b 1ac65 a fffe53b0 20 9 23 11 29 26 c c 1ab96 fffe4fa1 1afcb
FIXUPS: 25d58 a a fffe5023 2b 11 15 25 8 e 26 15 1af1e 8 a a fffe50d0 2b
FIXUPS: ae9c 14 15 e 25 15 1ae8b 8 c fffe516b 2b 11 fffffb87 1f 16 25 20
FIXUPS: ab81 11 14 16 d 26 15 1b114 8 c fffe4ee2 2c 9 26 c d 1b0b2 8 a
FIXUPS: acbe 2b 11 15 25 8 e 26 1af78 a fffe4997 43 10 11 b 66 68 2c 2b
FIXUPS: a851 2a 1b 1d 24 2f 1b3f6 8 a fffe4c3c 19 f f 1f a 13 22 2d 18
FIXUPS: aa6b 27 fffff78a 15 10 10 18 11 a 11 11 a 18 10 e 18 7e 61 37 30
FIXUPS: a460 e 19 e 12 26 28 19 33 23 31 27 21 28 fffff9bb 4c a 1bcb6 8
FIXUPS: 25cde fffe435f 17 10 1b 14 c 11 11 8 1e 10 e 20 a 10 12 e e 10
FIXUPS: a191 17 10 e 1b 14 14 fffffa57 18 8 8 15 12 10 21 10 18 14 45 10
FIXUPS: 9d82 a 10 13 1f 42 12 14 15 19 38 24 23 24 14 8 a 1f 4f 1bd1d a
FIXUPS: 9901 d 18 33 d 18 54 d 1b 56 d 1b 33 43 2f 26 3e 6 a 26 6 a 26
FIXUPS: 9bf3 a 10 d 16 d 16 fffff9b2 1c673 a fffe39d1 23 1a e 11 c 2f 11
FIXUPS: 9709 1c583 a fffe3ab1 14 e 11 f 1f 12 14 16 14 e 42 44 27 1f 1c3ce
FIXUPS: 25ca8 8 fffe36bb 1c8bd a fffe3785 19 1a e 11 c 1c827 a fffe381b
FIXUPS: 9477 16 e 12 c 1c797 a fffe38ad 16 16 e 12 c 1c705 a fffe393f 16
FIXUPS: 95d9 e 12 fffffac5 1d e 11 23 1caaf 8 8 8 8 a fffe358b 1a 1a 11
FIXUPS: 91dd 11 1ca12 a fffe363f 1a 1a 11 17 11 1c95e a fffe36ef 19 1a
FIXUPS: 934e 11 1c827 b a fffe333a 29 c e e d 1cc71 b b a fffe3396 26 19
FIXUPS: 8fa7 12 27 d 11 f a e 14 c a b 14 c 1c 13 1ca62 8 a fffe31d9 28
FIXUPS: 8d2b 1cdfd a fffe3273 17 11 14 12 b 9 e e 13 b 1ccfb b b b a fffe32f7
FIXUPS: 8e73 11 12 12 11 1ccb7 b fffe2f21 12 14 d 1cfe1 8 a 8 a 8 a fffe3013
FIXUPS: 8b1e 19 11 1e 21 1e 1a d 1e 13 45 13 1f f f 27 d 1ce2a b 8 ffffff81
FIXUPS: 86d1 10 41 15 27 29 24 1d2e1 8 8 c fffe2d1d 29 21 51 b 14 5d b
FIXUPS: 88fb 5d b 14 21 51 b 15 15 54 b f 1cfae a fffe2abc 10 12 e 18 19
FIXUPS: 8574 11 10 14 16 b b 10 e 1f 6 f 1d425 a 8 8 a fffe2bd3 23 15 17
FIXUPS: 86aa a 1d3c4 fffe5b19 1e 56 ffffcd32 e 18 26 2b 6 f 1d641 a a fffe29c7
FIXUPS: 83ed 15 10 e 13 11 10 14 16 b b 10 e f f 1d550 a 8 ad0 fffeb42a
FIXUPS: 2650c a fffeb461 14ba9 a fffeb498 14b72 a fffeb4da a ffff9e5f a
FIXUPS: b899 e d 17 f e 8 d 13 16 fffffe33 31 40 39 2c fffffccf 2c 25 1aed9
FIXUPS: 26430 a fffeb204 14e06 a fffeb23b 14dcf a fffeb272 14d98 a fffeb2a9
FIXUPS: 26480 a fffeb2e0 14d2a a fffeb317 14cf3 a fffeb34e 14cbc a fffeb385
FIXUPS: 264d0 a fffeb3bc 14c4e a fffeb3f3 14c17 fffeae2e 26 10 f 12 15073
FIXUPS: 263f8 a fffeaf96 26 c c 15036 8 a fffeafea 26 26 26 26 26 26 26
FIXUPS: 11538 26 26 26 26 f 2c c c fffffb10 c 13 1b 28 9 12 151dc a fffeae37
FIXUPS: 111fb b 10 9 15181 b a fffeae8a 11 29 26 c c 15109 8 a fffeaf00
FIXUPS: 112f8 5 e 150d1 a ffffff5a fffeab18 2b 11 14 15 e 25 15 15443 8
FIXUPS: 2635c fffeabb3 26 5 e 1541c a fffeabf5 38 c 54 24 34 10 31 2e 2f
FIXUPS: 11100 13 15265 a fffea8a5 2b 11 15 19 14 26 15 15614 8 c fffea9e2
FIXUPS: 10d15 11 14 15 e 25 15 15579 8 c fffeaa7d 2b 11 14 15 e 25 15 154de
FIXUPS: 26334 fffea70c e 26 15 15807 8 a a fffea7e7 2b 11 15 25 8 e 26
FIXUPS: 10b5a 1575a 8 a a fffea894 2d 11 15 17 13 27 15 156bb 8 c fffea549
FIXUPS: 1084a 159f2 8 c fffea604 2b 11 14 15 e 25 15 15957 8 c fffea69f
FIXUPS: 10936 11 14 15 e 25 15 158bc 8 c fffea73a 2b 11 15 25 fffffbc3
FIXUPS: 10626 11 15 25 8 e 26 15 15b32 8 a a fffea4bc 2b 11 15 25 8 e 26
FIXUPS: 10793 15a85 8 a a fffea569 2b 11 14 15 e fffffa54 e 10 f 1a 21
FIXUPS: 102ed 3b 17 1e 1f 16 4f 34 1d 45 15d57 fffea2f8 6 a 5d 11 2b 11
FIXUPS: 10594 15 e 25 15 15be7 8 c fffe9b0d 16 10 a 1c 23 f 41 2f 18 67
FIXUPS: fe8c c 28 2a 52 47 a 4e 14 11 24 8f 7 29 12 36 22 25 39 f 33 15fc3
FIXUPS: fabe 1b 13 53 c d 25 1663b a fffe99e1 6 10 6 12 c a 6 2a c b 6
FIXUPS: fc6e 10 7 1a 7 15 c 11 7 10 fffffb20 11 d 1c 1a 1f 1e 22 22 8 32
FIXUPS: f943 1b 1f 22 34 30 27 30 24 d c d 166bc 8 8 b 8 8 8 b 8 ffffff45
FIXUPS: 260f6 b b b b b 8 16 b fffe939d 20 d 1d d 14 1a 5b 1e 28 14 24
FIXUPS: f665 e 15 19 17 e a5 55 1f 26 fffffac8 1a 10 22 10 24 8 d c 22
FIXUPS: f3a2 a 27 26 d e 22 10 a 25 f e 11 13 13 d 16be2 8 8 8 8 b fffe8f63
FIXUPS: f050 14 15 a 17 24 f a a 24 c 14 12 16 18 13 17 1b 1b b e 15 1f
FIXUPS: f22a 13 17 1b 1b b e 15 fffffa1e 12 17 16 55 18 1d a 24 22 14 24
FIXUPS: ee33 12 d 1e b e 1a 20 f 13 21 20 1b 16 8 a 1f 49 28 3a fffff92d
FIXUPS: e9c6 68 2a a 2b 32 a 2a 1b 1d 22 a 30 17515 8 a fffe8b1e d 10 e
FIXUPS: ec06 f 1a f 14 1f 10 19 10 10 c fffff86e 7e 61 32 a 30 1c e 19
FIXUPS: e6d0 12 24 a 23 19 31 a d 1f 2f a 25 a b 1f 28 1781b a fffe885f
FIXUPS: e934 10 11 fffff9d7 10 13 e e 10 18 17 10 a b 1c 14 14 7 14 7 16
FIXUPS: e45b 10 7 19 7 12 a 11 15 a 18 10 a b fffffb55 24 23 25 16 8 a
FIXUPS: e123 4f 25 4c a 17e7f 8 a fffe8191 f 17 10 7 1c 7 15 c 11 15 8
FIXUPS: e2dc 10 a b 21 fffffa6f c 12 10 13 1e 29 21 d e 10 21 10 7 19 7
FIXUPS: ded2 43 14 11 a 10 7 14 7 20 47 12 14 15 a 16 fffffb73 16 d 16
FIXUPS: dbf1 18 8 8 13 d 16 d 18 8 12 d 16 d 16 d f d f d 18 8 f 11 8 8
FIXUPS: dd71 13 fffffa97 a 36 1c 17 12 14 1b 12 11 67 7 f 15 21 7 f c 11
FIXUPS: d9df f 38 31 3e 45 52 d 1e 11 d 18 11 fffffa13 12 1e 1b 18a40 a
FIXUPS: d619 15 e 11 1a 49 c 12 b 15 12 1e 1a 18918 8 a fffe7711 6 a 26
FIXUPS: d7af a 26 6 a 26 fffffad0 a 14 f 16 1d 11 26 16 19 16 11 23 2d
FIXUPS: d43e 18bce 8 a fffe743d 1b 11 27 1c 18b5e a fffe74b3 63 19 16 c
FIXUPS: d58f d fffff9b8 56 d 1b 33 43 2d a 26 40 6 a 26 6 a 26 6 a 55 1a
FIXUPS: d1eb 8 b 26 18 10 12 12 18d70 16 b fffe72de fffff979 19348 a fffe6cec
FIXUPS: ccaa e 11 f 21 c 12 14 16 14 e 42 40 28 1f 19188 8 8 8 a fffe6e85
FIXUPS: ce68 18 33 d 18 54 d fffffa85 16 e 12 c 19564 a fffe6ae0 16 16
FIXUPS: ca88 12 c 194d2 a fffe6b72 16 16 e 12 c 19440 a fffe6c04 23 1a
FIXUPS: cbe5 11 c 2f 11 7 fffffa99 1a 11 17 11 197df a fffe6872 1a 1a 11
FIXUPS: c7ec 11 1972b a fffe6922 19 1a e 11 c 1968a a fffe69b8 19 1a e
FIXUPS: c950 c 195f4 a fffe6a4e fffffb33 a 1e 199c9 a fffe664a 27 d 11
FIXUPS: c574 a e 14 c a b 14 c 1c 13 15 1d e 11 23 1985c 8 8 8 8 a fffe67be
FIXUPS: 25e74 8 a a a 8 a b a fffe61a9 4c 18 7b 2c 1f 59 35 d f7 2d 31
FIXUPS: c3b1 1f 1d 1d 1d 1d 23 28 11 13 17 fffff7b3 b 14 5d b 10 5d b 15
FIXUPS: bdab 57 b 15 1b 57 b 18 21 51 c 14 24 51 c 15 15 54 c 19dfc 8 a
FIXUPS: 25e6a fffee8f1 121cd a fffede74 12196 a fffedeab 1215f a fffedeed
FIXUPS: 14851 ffff70df 29 1c 5f b 17 5d b 14 5d b 14 21 51 b 16 15 54 b
FIXUPS: bc0b 21 1ac67 a fffedbcf 26 26 26 26 26 26 26 f 2c c c 122df 8
FIXUPS: 268ba fffedd2a 122e0 a fffedd61 122a9 a fffedd98 12272 a fffeddcf
FIXUPS: 26900 a fffede06 12204 a fffed98c 15 12561 8 c fffeda95 26 5 e
FIXUPS: 2683c a fffedad7 26 10 f 12 124dc 8 a fffedb2d 26 c c 1249f 8 a
FIXUPS: 143e8 2e b 10 9 1244e fffed806 1273e 8 c fffed8b8 2b 11 15 19 14
FIXUPS: 1413c 15 12697 8 c fffed95f 2b 11 14 15 e 25 15 125fc 8 c fffed9fa
FIXUPS: 1423d 11 14 15 e fffffbd9 11 15 25 8 e 26 15 1288a 8 a a fffed764
FIXUPS: 13f2f 11 15 25 8 e 26 15 127dd 8 a a fffed811 2d 11 15 17 13 27
FIXUPS: 13b0e 7c 1d 19 21 21 3b 17 60 11 2b 11 14 15 e 25 15 129da 8 c
FIXUPS: 13d7c 2b 11 14 15 e 25 15 1293f 8 c fffed6b7 128d8 8 b 8 a fffed1af
FIXUPS: 13904 12e34 a fffed1e1 6 10 6 22 10 19 14 c 11 f a 16 10 1e 23
FIXUPS: 13a4a 45 10 1b 14 13 1b fffff9f5 e a3 5a 1e 28 1c 20 1a 1e 1d 21
FIXUPS: 1371a 8 2d 24 1a 1f 21 32 30 26 2f 20 9 c 9 12e1e 8 8 b 8 fffecc14
FIXUPS: 26650 8 8 8 8 b 8 b b b b b b 8 a fffecc5d 20 d 1d d 14 1a 5e 1e
FIXUPS: 1345a 14 20 14 a 15 19 fffffbad 13 17 16 21 d e 15 15 1a 10 22
FIXUPS: 13189 22 8 d c 21 f a 26 26 d d 21 e a 25 17 10 12 a fffffa7a 1b
FIXUPS: 12db6 8 a 1f 49 28 3a 13 a 14 14 a 14 26 13 a a 29 14 12 16 18
FIXUPS: 12fd2 17 16 21 d e 15 1f fffffa23 12 f 14 20 c 19 e 10 c 10 e 17
FIXUPS: 12b81 55 14 1b 1d 22 14 25 c 18 d 1e b e 1a 21 13 13 21 138d5 a
FIXUPS: 128c8 d 16 d 18 8 12 d 16 d 16 d f d f d 18 8 12 d 18 e 11 8 8
FIXUPS: 12a43 13 d c 17 fffffa51 a 26 6 a 47 17 e 14 1b e 11 67 e 15 1d
FIXUPS: 12686 c 11 e 38 31 3e 45 54 23 28 11 13 17 18 1e fffff95a 63 19
FIXUPS: 122a2 12 15 12 1e 1b 142f8 a fffebd1b 15 10 12 47 a 12 16 13 1e
FIXUPS: 1242c 141f4 8 a fffebe33 6 a 26 6 a 26 fffffa95 10 12 12 14616
FIXUPS: 265c6 b fffeba37 6 a 14 f 16 1c 11 26 16 1f 1b 20 31 1c 1447b 8
FIXUPS: 265ee fffebb8f 1b 11 27 1c 1440c a fffeb66f 57 c 14 1b 57 c 18
FIXUPS: 11d9f 51 c 14 24 51 c 146b7 8 a 8 a a a 8 a b a fffeb941 1a 19
FIXUPS: 11f23 b 20 ffff3ef9 11 30 42 37 ec1a 28 ffffff46 40 15 ffffff1c
FIXUPS: 14a59 fffffe64 5b 46 15 ffffd0bb 1d 15 52 c 15 21 4f c 13 5b c
FIXUPS: 11bd8 5b c 18 ffff3def 35 17 14 54 14 22 17 1f 28 fffff209 e3d
FIXUPS: 5c35 1b 18 1b 11 1b 1b 11 2e 17 14 14 1e 15 f f f 23 20 2c fffff6c3
FIXUPS: 5507 1a 12 a 48 1b 1a 1b 14 29 1d a 16 16 20 2a 14 25 14 29 20
FIXUPS: 5779 a 65 2a 1b 29 4b 9c 28 c3 ffffef61 d 10 47b 46 3a 3a 6e 7a
FIXUPS: 50be 2b 1e 2c 17 16 f 30 17 16 20 165 1e 1c f f f 23 20 35 2e 30
FIXUPS: 54b7 20042 fffded00 1e 12 f c d 18 23 6e 92 1b1 1d 5f 20f4d fffdf1f7
FIXUPS: 25514 8 16 b fffdf271 5 f 20d92 a fffdf2d5 71 d 3c 20c87 a fffdf3f6
FIXUPS: 3d6b 5c e 14 15 5c 25 12 1a 8 43 18 f 33 17 cc 2d b 18 19 f 55
FIXUPS: 410a 41 17 27 3d f 212ff 8 9 a fffde312 48 15 99 1b 19 40 1c 21
FIXUPS: 39c9 12 8d 21 24 27 d 13 d 1a 7 d 15 d 37 36 3a 1c 8 73 36 f 2b
FIXUPS: 254b4 b a fffdde41 1d 12 28 10 26 1a 41 2a 13 10 a6 3a 23 21 39
FIXUPS: 35b3 1d 12 b2 2b 1d 12 17 24 e 2d 1a 48 fffff4ce a e 16 2a 11 7
FIXUPS: 2d25 22710 c b 8 b b a fffdd8e0 23 4e d 2f3 11 11 6 4a 22350 8
FIXUPS: 2549a a fffddd0a 11 40 12 fffff346 f 38 1b 9 67 d 7a 112 133 16
FIXUPS: 2920 21 13 21 13 18 13 18 13 12 13 17 1c f a 46 eb 1c 5b 77 14
FIXUPS: 1ed5 1f 6 18 6 2f 1d 1d 28 1a 1c 9 6 14 1a 9 6 12 233b7 9 b c fffdcc56
FIXUPS: 209c 21a 7a 10c 9a 16 16 16 16 ffffefc2 d c5 29 c6 19 18 d4 1c
FIXUPS: 17e3 27 16 18 18 d7 3f 22 3f 23 14 37 4a 54 1e 147 d 10 128 e c5
FIXUPS: 1e7b 46 fffff155 10 10 b 5 10 10 10 b 5 19 17 10 a eb c c 59 1d
FIXUPS: 1260 18 1b 27 1f 29 cf 1c 1b 28 8 3d 6e 34ee 5 10 10 10 b 5 10
FIXUPS: 4a36 10 29 32 5a b c 33 2b 17 15 12 1b 5a b c 2095a a fffdf6da
FIXUPS: 4c82 23 11 ffffc34b 5
